
Discarded input sections

 .text          0x0000000000000000        0x0 gcc/startup_efm32gg.o
 .data          0x0000000000000000        0x0 gcc/startup_efm32gg.o
 .bss           0x0000000000000000        0x0 gcc/startup_efm32gg.o
 .text.SystemInit
                0x0000000000000000        0xc gcc/startup_efm32gg.o
 .text          0x0000000000000000        0x0 gcc/gpio.o
 .data          0x0000000000000000        0x0 gcc/gpio.o
 .bss           0x0000000000000000        0x0 gcc/gpio.o
 .rodata.GPIOA  0x0000000000000000        0x4 gcc/gpio.o
 .rodata.GPIOB  0x0000000000000000        0x4 gcc/gpio.o
 .rodata.GPIOC  0x0000000000000000        0x4 gcc/gpio.o
 .rodata.GPIOD  0x0000000000000000        0x4 gcc/gpio.o
 .rodata.GPIOE  0x0000000000000000        0x4 gcc/gpio.o
 .rodata.GPIOF  0x0000000000000000        0x4 gcc/gpio.o
 .rodata.GPIO_MODE_DISABLE
                0x0000000000000000        0x4 gcc/gpio.o
 .rodata.GPIO_MODE_INPUT
                0x0000000000000000        0x4 gcc/gpio.o
 .rodata.GPIO_MODE_INPUTPULL
                0x0000000000000000        0x4 gcc/gpio.o
 .rodata.GPIO_MODE_INPUTPULLFILTER
                0x0000000000000000        0x4 gcc/gpio.o
 .rodata.GPIO_MODE_PUSHPULL
                0x0000000000000000        0x4 gcc/gpio.o
 .rodata.GPIO_MODE_PUSHPULLDRIVE
                0x0000000000000000        0x4 gcc/gpio.o
 .rodata.GPIO_MODE_WIREDOR
                0x0000000000000000        0x4 gcc/gpio.o
 .rodata.GPIO_MODE_WIREDORPULLDOWN
                0x0000000000000000        0x4 gcc/gpio.o
 .rodata.GPIO_MODE_WIREDAND
                0x0000000000000000        0x4 gcc/gpio.o
 .rodata.GPIO_MODE_WIREDANDFILTER
                0x0000000000000000        0x4 gcc/gpio.o
 .rodata.GPIO_MODE_WIREDANDPULLUP
                0x0000000000000000        0x4 gcc/gpio.o
 .rodata.GPIO_MODE_WIREDANDPULLUPFILTER
                0x0000000000000000        0x4 gcc/gpio.o
 .rodata.GPIO_MODE_WIREDANDDRIVE
                0x0000000000000000        0x4 gcc/gpio.o
 .rodata.GPIO_MODE_WIREDANDDRIVEFILTER
                0x0000000000000000        0x4 gcc/gpio.o
 .rodata.GPIO_MODE_WIREDANDDRIVEPULLUP
                0x0000000000000000        0x4 gcc/gpio.o
 .rodata.GPIO_MODE_WIREDANDDRIVEPULLUPFILTER
                0x0000000000000000        0x4 gcc/gpio.o
 .text          0x0000000000000000        0x0 gcc/main.o
 .data          0x0000000000000000        0x0 gcc/main.o
 .bss           0x0000000000000000        0x0 gcc/main.o
 .rodata.GPIOA  0x0000000000000000        0x4 gcc/main.o
 .rodata.GPIOB  0x0000000000000000        0x4 gcc/main.o
 .rodata.GPIOC  0x0000000000000000        0x4 gcc/main.o
 .rodata.GPIOD  0x0000000000000000        0x4 gcc/main.o
 .rodata.GPIOE  0x0000000000000000        0x4 gcc/main.o
 .rodata.GPIOF  0x0000000000000000        0x4 gcc/main.o
 .rodata.GPIO_MODE_DISABLE
                0x0000000000000000        0x4 gcc/main.o
 .rodata.GPIO_MODE_INPUT
                0x0000000000000000        0x4 gcc/main.o
 .rodata.GPIO_MODE_INPUTPULL
                0x0000000000000000        0x4 gcc/main.o
 .rodata.GPIO_MODE_INPUTPULLFILTER
                0x0000000000000000        0x4 gcc/main.o
 .rodata.GPIO_MODE_PUSHPULL
                0x0000000000000000        0x4 gcc/main.o
 .rodata.GPIO_MODE_PUSHPULLDRIVE
                0x0000000000000000        0x4 gcc/main.o
 .rodata.GPIO_MODE_WIREDOR
                0x0000000000000000        0x4 gcc/main.o
 .rodata.GPIO_MODE_WIREDORPULLDOWN
                0x0000000000000000        0x4 gcc/main.o
 .rodata.GPIO_MODE_WIREDAND
                0x0000000000000000        0x4 gcc/main.o
 .rodata.GPIO_MODE_WIREDANDFILTER
                0x0000000000000000        0x4 gcc/main.o
 .rodata.GPIO_MODE_WIREDANDPULLUP
                0x0000000000000000        0x4 gcc/main.o
 .rodata.GPIO_MODE_WIREDANDPULLUPFILTER
                0x0000000000000000        0x4 gcc/main.o
 .rodata.GPIO_MODE_WIREDANDDRIVE
                0x0000000000000000        0x4 gcc/main.o
 .rodata.GPIO_MODE_WIREDANDDRIVEFILTER
                0x0000000000000000        0x4 gcc/main.o
 .rodata.GPIO_MODE_WIREDANDDRIVEPULLUP
                0x0000000000000000        0x4 gcc/main.o
 .rodata.GPIO_MODE_WIREDANDDRIVEPULLUPFILTER
                0x0000000000000000        0x4 gcc/main.o
 .text          0x0000000000000000        0x0 gcc/system_efm32gg.o
 .data          0x0000000000000000        0x0 gcc/system_efm32gg.o
 .bss           0x0000000000000000        0x0 gcc/system_efm32gg.o
 .text.SystemMaxCoreClockGet
                0x0000000000000000       0x14 gcc/system_efm32gg.o
 .text.SystemHFXOClockGet
                0x0000000000000000       0x14 gcc/system_efm32gg.o
 .text.SystemHFXOClockSet
                0x0000000000000000       0x30 gcc/system_efm32gg.o
 .text.SystemLFRCOClockGet
                0x0000000000000000       0x10 gcc/system_efm32gg.o
 .text.SystemULFRCOClockGet
                0x0000000000000000       0x10 gcc/system_efm32gg.o
 .text.SystemLFXOClockGet
                0x0000000000000000       0x14 gcc/system_efm32gg.o
 .text.SystemLFXOClockSet
                0x0000000000000000       0x30 gcc/system_efm32gg.o

Memory Configuration

Name             Origin             Length             Attributes
FLASH            0x0000000000000000 0x0000000000100000 xr
RAM              0x0000000020000000 0x0000000000020000 xrw
*default*        0x0000000000000000 0xffffffffffffffff

Linker script and memory map

LOAD gcc/startup_efm32gg.o
LOAD gcc/gpio.o
LOAD gcc/main.o
LOAD gcc/system_efm32gg.o
START GROUP
LOAD /home/luizalaquini/gcc-arm-none-eabi-10.3-2021.10/bin/../lib/gcc/arm-none-eabi/10.3.1/thumb/v7-m/nofp/libgcc.a
LOAD /home/luizalaquini/gcc-arm-none-eabi-10.3-2021.10/bin/../lib/gcc/arm-none-eabi/10.3.1/../../../../arm-none-eabi/lib/thumb/v7-m/nofp/libg_nano.a
LOAD /home/luizalaquini/gcc-arm-none-eabi-10.3-2021.10/bin/../lib/gcc/arm-none-eabi/10.3.1/../../../../arm-none-eabi/lib/thumb/v7-m/nofp/libc_nano.a
END GROUP
START GROUP
LOAD /home/luizalaquini/gcc-arm-none-eabi-10.3-2021.10/bin/../lib/gcc/arm-none-eabi/10.3.1/thumb/v7-m/nofp/libgcc.a
LOAD /home/luizalaquini/gcc-arm-none-eabi-10.3-2021.10/bin/../lib/gcc/arm-none-eabi/10.3.1/../../../../arm-none-eabi/lib/thumb/v7-m/nofp/libc_nano.a
END GROUP

.text           0x0000000000000000      0x8f4
 *(.vectors)
 .vectors       0x0000000000000000       0xdc gcc/startup_efm32gg.o
                0x0000000000000000                __Vectors
                0x00000000000000dc                __Vectors_End = .
                0x00000000000000dc                __Vectors_Size = (__Vectors_End - __Vectors)
                0x0000000020000020                __end__ = .
 *(.text*)
 .text.Reset_Handler
                0x00000000000000dc       0x50 gcc/startup_efm32gg.o
                0x00000000000000dc                Reset_Handler
 .text._main    0x000000000000012c        0xc gcc/startup_efm32gg.o
                0x000000000000012c                _main
 .text.Default_Handler
                0x0000000000000138        0x6 gcc/startup_efm32gg.o
                0x0000000000000138                TIMER2_IRQHandler
                0x0000000000000138                DebugMon_Handler
                0x0000000000000138                USART0_TX_IRQHandler
                0x0000000000000138                I2C0_IRQHandler
                0x0000000000000138                HardFault_Handler
                0x0000000000000138                LEUART1_IRQHandler
                0x0000000000000138                SysTick_Handler
                0x0000000000000138                USART1_RX_IRQHandler
                0x0000000000000138                PendSV_Handler
                0x0000000000000138                NMI_Handler
                0x0000000000000138                I2C1_IRQHandler
                0x0000000000000138                TIMER3_IRQHandler
                0x0000000000000138                USART1_TX_IRQHandler
                0x0000000000000138                MSC_IRQHandler
                0x0000000000000138                ADC0_IRQHandler
                0x0000000000000138                UsageFault_Handler
                0x0000000000000138                LEUART0_IRQHandler
                0x0000000000000138                GPIO_EVEN_IRQHandler
                0x0000000000000138                UART0_TX_IRQHandler
                0x0000000000000138                UART1_TX_IRQHandler
                0x0000000000000138                RTC_IRQHandler
                0x0000000000000138                TIMER0_IRQHandler
                0x0000000000000138                LCD_IRQHandler
                0x0000000000000138                PCNT2_IRQHandler
                0x0000000000000138                UART0_RX_IRQHandler
                0x0000000000000138                LETIMER0_IRQHandler
                0x0000000000000138                TIMER1_IRQHandler
                0x0000000000000138                USART2_RX_IRQHandler
                0x0000000000000138                Default_Handler
                0x0000000000000138                EMU_IRQHandler
                0x0000000000000138                PCNT0_IRQHandler
                0x0000000000000138                USB_IRQHandler
                0x0000000000000138                BURTC_IRQHandler
                0x0000000000000138                PCNT1_IRQHandler
                0x0000000000000138                ACMP0_IRQHandler
                0x0000000000000138                USART0_RX_IRQHandler
                0x0000000000000138                MemManage_Handler
                0x0000000000000138                SVC_Handler
                0x0000000000000138                DAC0_IRQHandler
                0x0000000000000138                UART1_RX_IRQHandler
                0x0000000000000138                CMU_IRQHandler
                0x0000000000000138                EBI_IRQHandler
                0x0000000000000138                LESENSE_IRQHandler
                0x0000000000000138                GPIO_ODD_IRQHandler
                0x0000000000000138                AES_IRQHandler
                0x0000000000000138                VCMP_IRQHandler
                0x0000000000000138                DMA_IRQHandler
                0x0000000000000138                BusFault_Handler
                0x0000000000000138                USART2_TX_IRQHandler
 .text.GPIO_ConfigPins
                0x000000000000013e       0xb0 gcc/gpio.o
                0x000000000000013e                GPIO_ConfigPins
 *fill*         0x00000000000001ee        0x2 
 .text.GPIO_Init
                0x00000000000001f0       0x48 gcc/gpio.o
                0x00000000000001f0                GPIO_Init
 .text.GPIO_WritePins
                0x0000000000000238       0x22 gcc/main.o
 .text.Delay    0x000000000000025a       0x3a gcc/main.o
                0x000000000000025a                Delay
 .text.main     0x0000000000000294       0xc4 gcc/main.o
                0x0000000000000294                main
 .text.corrida_livre
                0x0000000000000358       0x88 gcc/main.o
                0x0000000000000358                corrida_livre
 .text.relogio24h
                0x00000000000003e0       0x9c gcc/main.o
                0x00000000000003e0                relogio24h
 .text.relogio12h
                0x000000000000047c       0xcc gcc/main.o
                0x000000000000047c                relogio12h
 .text.display_4digits
                0x0000000000000548       0xe4 gcc/main.o
                0x0000000000000548                display_4digits
 .text.checkButtons
                0x000000000000062c      0x100 gcc/main.o
                0x000000000000062c                checkButtons
 .text.clearArray
                0x000000000000072c       0x30 gcc/main.o
                0x000000000000072c                clearArray
 .text.GetProdRev
                0x000000000000075c       0x18 gcc/system_efm32gg.o
 .text.SystemCoreClockGet
                0x0000000000000774       0x34 gcc/system_efm32gg.o
                0x0000000000000774                SystemCoreClockGet
 .text.SystemHFClockGet
                0x00000000000007a8      0x118 gcc/system_efm32gg.o
                0x00000000000007a8                SystemHFClockGet
 .text.SystemInit
                0x00000000000008c0        0xc gcc/system_efm32gg.o
                0x00000000000008c0                SystemInit
 *(.init)
 *(.fini)
 *crtbegin.o(.ctors)
 *crtbegin?.o(.ctors)
 *(EXCLUDE_FILE(*crtend.o *crtend?.o) .ctors)
 *(SORT_BY_NAME(.ctors.*))
 *(.ctors)
 *crtbegin.o(.dtors)
 *crtbegin?.o(.dtors)
 *(EXCLUDE_FILE(*crtend.o *crtend?.o) .dtors)
 *(SORT_BY_NAME(.dtors.*))
 *(.dtors)
 *(.rodata*)
 .rodata.hex    0x00000000000008cc       0x28 gcc/main.o
 *(.eh_frame*)

.glue_7         0x00000000000008f4        0x0
 .glue_7        0x00000000000008f4        0x0 linker stubs

.glue_7t        0x00000000000008f4        0x0
 .glue_7t       0x00000000000008f4        0x0 linker stubs

.vfp11_veneer   0x00000000000008f4        0x0
 .vfp11_veneer  0x00000000000008f4        0x0 linker stubs

.v4_bx          0x00000000000008f4        0x0
 .v4_bx         0x00000000000008f4        0x0 linker stubs

.iplt           0x00000000000008f4        0x0
 .iplt          0x00000000000008f4        0x0 gcc/startup_efm32gg.o

.rel.dyn        0x00000000000008f4        0x0
 .rel.iplt      0x00000000000008f4        0x0 gcc/startup_efm32gg.o

.ARM.extab
 *(.ARM.extab* .gnu.linkonce.armextab.*)
                0x00000000000008f4                __exidx_start = .

.ARM.exidx
 *(.ARM.exidx* .gnu.linkonce.armexidx.*)
                0x00000000000008f4                __exidx_end = .
                0x00000000000008f4                __etext = .

.data           0x0000000020000000       0x10 load address 0x00000000000008f4
                0x0000000020000000                __data_start__ = .
 *(vtable)
 *(.data*)
 .data.ehmanha  0x0000000020000000        0x4 gcc/main.o
                0x0000000020000000                ehmanha
 .data.modo     0x0000000020000004        0x4 gcc/main.o
                0x0000000020000004                modo
 .data.SystemHFXOClock
                0x0000000020000008        0x4 gcc/system_efm32gg.o
 .data.SystemLFXOClock
                0x000000002000000c        0x4 gcc/system_efm32gg.o
                0x0000000020000010                . = ALIGN (0x4)
 *(.ram)
                0x0000000020000010                . = ALIGN (0x4)
                [!provide]                        PROVIDE (__preinit_array_start = .)
 *(.preinit_array)
                [!provide]                        PROVIDE (__preinit_array_end = .)
                0x0000000020000010                . = ALIGN (0x4)
                [!provide]                        PROVIDE (__init_array_start = .)
 *(SORT_BY_NAME(.init_array.*))
 *(.init_array)
                [!provide]                        PROVIDE (__init_array_end = .)
                0x0000000020000010                . = ALIGN (0x4)
                [!provide]                        PROVIDE (__fini_array_start = .)
 *(SORT_BY_NAME(.fini_array.*))
 *(.fini_array)
                [!provide]                        PROVIDE (__fini_array_end = .)
 *(.jcr*)
                0x0000000020000010                . = ALIGN (0x4)
                0x0000000020000010                __data_end__ = .

.igot.plt       0x0000000020000010        0x0 load address 0x0000000000000904
 .igot.plt      0x0000000020000010        0x0 gcc/startup_efm32gg.o

.bss            0x0000000020000010        0xc load address 0x0000000000000904
                0x0000000020000010                . = ALIGN (0x4)
                0x0000000020000010                __bss_start__ = .
 *(.bss*)
 .bss.countButton0
                0x0000000020000010        0x4 gcc/main.o
                0x0000000020000010                countButton0
 .bss.countButton1
                0x0000000020000014        0x4 gcc/main.o
                0x0000000020000014                countButton1
 .bss.SystemCoreClock
                0x0000000020000018        0x4 gcc/system_efm32gg.o
                0x0000000020000018                SystemCoreClock
 *(COMMON)
                0x000000002000001c                . = ALIGN (0x4)
                0x000000002000001c                __bss_end__ = .

.heap           0x0000000020000020      0xc00
                0x0000000020000020                __HeapBase = .
                0x0000000020000020                __end__ = .
                0x0000000020000020                end = __end__
                0x0000000020000020                _end = __end__
 *(.heap*)
 .heap          0x0000000020000020      0xc00 gcc/startup_efm32gg.o
                0x0000000020000c20                __HeapLimit = .

.stack_dummy    0x0000000020000c20      0x400
 *(.stack*)
 .stack         0x0000000020000c20      0x400 gcc/startup_efm32gg.o
                0x0000000020020000                __StackTop = (ORIGIN (RAM) + LENGTH (RAM))
                0x000000002001fc00                __StackLimit = (__StackTop - SIZEOF (.stack_dummy))
                [!provide]                        PROVIDE (__stack = __StackTop)
                0x0000000000000001                ASSERT ((__StackLimit >= __HeapLimit), region RAM overflowed with stack)
                0x0000000000000001                ASSERT ((LENGTH (FLASH) >= (__etext + SIZEOF (.data))), FLASH memory overflowed !)
OUTPUT(gcc/blink1.axf elf32-littlearm)
LOAD linker stubs

.debug_info     0x0000000000000000     0x13d7
 .debug_info    0x0000000000000000      0x1e1 gcc/startup_efm32gg.o
 .debug_info    0x00000000000001e1      0x680 gcc/gpio.o
 .debug_info    0x0000000000000861      0x672 gcc/main.o
 .debug_info    0x0000000000000ed3      0x504 gcc/system_efm32gg.o

.debug_abbrev   0x0000000000000000      0x56c
 .debug_abbrev  0x0000000000000000       0xfb gcc/startup_efm32gg.o
 .debug_abbrev  0x00000000000000fb      0x12d gcc/gpio.o
 .debug_abbrev  0x0000000000000228      0x1bf gcc/main.o
 .debug_abbrev  0x00000000000003e7      0x185 gcc/system_efm32gg.o

.debug_aranges  0x0000000000000000      0x130
 .debug_aranges
                0x0000000000000000       0x38 gcc/startup_efm32gg.o
 .debug_aranges
                0x0000000000000038       0x28 gcc/gpio.o
 .debug_aranges
                0x0000000000000060       0x60 gcc/main.o
 .debug_aranges
                0x00000000000000c0       0x70 gcc/system_efm32gg.o

.debug_ranges   0x0000000000000000       0xf0
 .debug_ranges  0x0000000000000000       0x28 gcc/startup_efm32gg.o
 .debug_ranges  0x0000000000000028       0x18 gcc/gpio.o
 .debug_ranges  0x0000000000000040       0x50 gcc/main.o
 .debug_ranges  0x0000000000000090       0x60 gcc/system_efm32gg.o

.debug_line     0x0000000000000000      0xb3c
 .debug_line    0x0000000000000000      0x178 gcc/startup_efm32gg.o
 .debug_line    0x0000000000000178      0x20a gcc/gpio.o
 .debug_line    0x0000000000000382      0x4aa gcc/main.o
 .debug_line    0x000000000000082c      0x310 gcc/system_efm32gg.o

.debug_str      0x0000000000000000      0x7f5
 .debug_str     0x0000000000000000      0x1e2 gcc/startup_efm32gg.o
                                        0x227 (size before relaxing)
 .debug_str     0x00000000000001e2      0x3d4 gcc/gpio.o
                                        0x500 (size before relaxing)
 .debug_str     0x00000000000005b6       0xbc gcc/main.o
                                        0x485 (size before relaxing)
 .debug_str     0x0000000000000672      0x183 gcc/system_efm32gg.o
                                        0x42f (size before relaxing)

.comment        0x0000000000000000       0x49
 .comment       0x0000000000000000       0x49 gcc/startup_efm32gg.o
                                         0x4a (size before relaxing)
 .comment       0x0000000000000049       0x4a gcc/gpio.o
 .comment       0x0000000000000049       0x4a gcc/main.o
 .comment       0x0000000000000049       0x4a gcc/system_efm32gg.o

.ARM.attributes
                0x0000000000000000       0x2d
 .ARM.attributes
                0x0000000000000000       0x2d gcc/startup_efm32gg.o
 .ARM.attributes
                0x000000000000002d       0x2d gcc/gpio.o
 .ARM.attributes
                0x000000000000005a       0x2d gcc/main.o
 .ARM.attributes
                0x0000000000000087       0x2d gcc/system_efm32gg.o

.debug_frame    0x0000000000000000      0x3b0
 .debug_frame   0x0000000000000000       0x78 gcc/startup_efm32gg.o
 .debug_frame   0x0000000000000078       0x5c gcc/gpio.o
 .debug_frame   0x00000000000000d4      0x15c gcc/main.o
 .debug_frame   0x0000000000000230      0x180 gcc/system_efm32gg.o
