Archive member included to satisfy reference by file (symbol)

/home/luizalaquini/gcc-arm-none-eabi-10.3-2021.10/bin/../lib/gcc/arm-none-eabi/10.3.1/thumb/v7-m/nofp/libgcc.a(_arm_muldf3.o)
                              gcc/main.o (__aeabi_dmul)
/home/luizalaquini/gcc-arm-none-eabi-10.3-2021.10/bin/../lib/gcc/arm-none-eabi/10.3.1/thumb/v7-m/nofp/libgcc.a(_arm_addsubdf3.o)
                              gcc/main.o (__aeabi_i2d)
/home/luizalaquini/gcc-arm-none-eabi-10.3-2021.10/bin/../lib/gcc/arm-none-eabi/10.3.1/thumb/v7-m/nofp/libgcc.a(_arm_muldivdf3.o)
                              gcc/main.o (__aeabi_ddiv)
/home/luizalaquini/gcc-arm-none-eabi-10.3-2021.10/bin/../lib/gcc/arm-none-eabi/10.3.1/thumb/v7-m/nofp/libgcc.a(_arm_fixdfsi.o)
                              gcc/main.o (__aeabi_d2iz)
/home/luizalaquini/gcc-arm-none-eabi-10.3-2021.10/bin/../lib/gcc/arm-none-eabi/10.3.1/../../../../arm-none-eabi/lib/thumb/v7-m/nofp/libg_nano.a(lib_a-itoa.o)
                              gcc/main.o (itoa)
/home/luizalaquini/gcc-arm-none-eabi-10.3-2021.10/bin/../lib/gcc/arm-none-eabi/10.3.1/../../../../arm-none-eabi/lib/thumb/v7-m/nofp/libg_nano.a(lib_a-strcmp.o)
                              gcc/main.o (strcmp)
/home/luizalaquini/gcc-arm-none-eabi-10.3-2021.10/bin/../lib/gcc/arm-none-eabi/10.3.1/../../../../arm-none-eabi/lib/thumb/v7-m/nofp/libg_nano.a(lib_a-utoa.o)
                              /home/luizalaquini/gcc-arm-none-eabi-10.3-2021.10/bin/../lib/gcc/arm-none-eabi/10.3.1/../../../../arm-none-eabi/lib/thumb/v7-m/nofp/libg_nano.a(lib_a-itoa.o) (__utoa)

Discarded input sections

 .text          0x0000000000000000        0x0 gcc/startup_efm32gg.o
 .data          0x0000000000000000        0x0 gcc/startup_efm32gg.o
 .bss           0x0000000000000000        0x0 gcc/startup_efm32gg.o
 .text.SystemInit
                0x0000000000000000        0xc gcc/startup_efm32gg.o
 .text          0x0000000000000000        0x0 gcc/pwm.o
 .data          0x0000000000000000        0x0 gcc/pwm.o
 .bss           0x0000000000000000        0x0 gcc/pwm.o
 .rodata.GPIOA  0x0000000000000000        0x4 gcc/pwm.o
 .rodata.GPIOB  0x0000000000000000        0x4 gcc/pwm.o
 .rodata.GPIOC  0x0000000000000000        0x4 gcc/pwm.o
 .rodata.GPIOD  0x0000000000000000        0x4 gcc/pwm.o
 .rodata.GPIOE  0x0000000000000000        0x4 gcc/pwm.o
 .rodata.GPIOF  0x0000000000000000        0x4 gcc/pwm.o
 .rodata.GPIO_MODE_DISABLE
                0x0000000000000000        0x4 gcc/pwm.o
 .rodata.GPIO_MODE_INPUT
                0x0000000000000000        0x4 gcc/pwm.o
 .rodata.GPIO_MODE_INPUTPULL
                0x0000000000000000        0x4 gcc/pwm.o
 .rodata.GPIO_MODE_INPUTPULLFILTER
                0x0000000000000000        0x4 gcc/pwm.o
 .rodata.GPIO_MODE_PUSHPULL
                0x0000000000000000        0x4 gcc/pwm.o
 .rodata.GPIO_MODE_PUSHPULLDRIVE
                0x0000000000000000        0x4 gcc/pwm.o
 .rodata.GPIO_MODE_WIREDOR
                0x0000000000000000        0x4 gcc/pwm.o
 .rodata.GPIO_MODE_WIREDORPULLDOWN
                0x0000000000000000        0x4 gcc/pwm.o
 .rodata.GPIO_MODE_WIREDAND
                0x0000000000000000        0x4 gcc/pwm.o
 .rodata.GPIO_MODE_WIREDANDFILTER
                0x0000000000000000        0x4 gcc/pwm.o
 .rodata.GPIO_MODE_WIREDANDPULLUP
                0x0000000000000000        0x4 gcc/pwm.o
 .rodata.GPIO_MODE_WIREDANDPULLUPFILTER
                0x0000000000000000        0x4 gcc/pwm.o
 .rodata.GPIO_MODE_WIREDANDDRIVE
                0x0000000000000000        0x4 gcc/pwm.o
 .rodata.GPIO_MODE_WIREDANDDRIVEFILTER
                0x0000000000000000        0x4 gcc/pwm.o
 .rodata.GPIO_MODE_WIREDANDDRIVEPULLUP
                0x0000000000000000        0x4 gcc/pwm.o
 .rodata.GPIO_MODE_WIREDANDDRIVEPULLUPFILTER
                0x0000000000000000        0x4 gcc/pwm.o
 .text.PWM_Read
                0x0000000000000000       0x26 gcc/pwm.o
 .text          0x0000000000000000        0x0 gcc/system_efm32gg.o
 .data          0x0000000000000000        0x0 gcc/system_efm32gg.o
 .bss           0x0000000000000000        0x0 gcc/system_efm32gg.o
 .text.SystemMaxCoreClockGet
                0x0000000000000000       0x14 gcc/system_efm32gg.o
 .text.SystemHFXOClockGet
                0x0000000000000000       0x14 gcc/system_efm32gg.o
 .text.SystemHFXOClockSet
                0x0000000000000000       0x30 gcc/system_efm32gg.o
 .text.SystemLFRCOClockGet
                0x0000000000000000       0x10 gcc/system_efm32gg.o
 .text.SystemULFRCOClockGet
                0x0000000000000000       0x10 gcc/system_efm32gg.o
 .text.SystemLFXOClockGet
                0x0000000000000000       0x14 gcc/system_efm32gg.o
 .text.SystemLFXOClockSet
                0x0000000000000000       0x30 gcc/system_efm32gg.o
 .text          0x0000000000000000        0x0 gcc/clock_efm32gg2.o
 .data          0x0000000000000000        0x0 gcc/clock_efm32gg2.o
 .bss           0x0000000000000000        0x0 gcc/clock_efm32gg2.o
 .text.ClockRegisterCallback
                0x0000000000000000       0xc0 gcc/clock_efm32gg2.o
 .text.ClockSetPrescalers
                0x0000000000000000      0x11c gcc/clock_efm32gg2.o
 .text.ClockSetLFCLKA
                0x0000000000000000      0x12c gcc/clock_efm32gg2.o
 .text.ClockSetLFCLKB
                0x0000000000000000      0x12c gcc/clock_efm32gg2.o
 .text          0x0000000000000000        0x0 gcc/main.o
 .data          0x0000000000000000        0x0 gcc/main.o
 .bss           0x0000000000000000        0x0 gcc/main.o
 .rodata.GPIOA  0x0000000000000000        0x4 gcc/main.o
 .rodata.GPIOB  0x0000000000000000        0x4 gcc/main.o
 .rodata.GPIOC  0x0000000000000000        0x4 gcc/main.o
 .rodata.GPIOD  0x0000000000000000        0x4 gcc/main.o
 .rodata.GPIOE  0x0000000000000000        0x4 gcc/main.o
 .rodata.GPIOF  0x0000000000000000        0x4 gcc/main.o
 .rodata.GPIO_MODE_DISABLE
                0x0000000000000000        0x4 gcc/main.o
 .rodata.GPIO_MODE_INPUT
                0x0000000000000000        0x4 gcc/main.o
 .rodata.GPIO_MODE_INPUTPULL
                0x0000000000000000        0x4 gcc/main.o
 .rodata.GPIO_MODE_INPUTPULLFILTER
                0x0000000000000000        0x4 gcc/main.o
 .rodata.GPIO_MODE_PUSHPULL
                0x0000000000000000        0x4 gcc/main.o
 .rodata.GPIO_MODE_PUSHPULLDRIVE
                0x0000000000000000        0x4 gcc/main.o
 .rodata.GPIO_MODE_WIREDOR
                0x0000000000000000        0x4 gcc/main.o
 .rodata.GPIO_MODE_WIREDORPULLDOWN
                0x0000000000000000        0x4 gcc/main.o
 .rodata.GPIO_MODE_WIREDAND
                0x0000000000000000        0x4 gcc/main.o
 .rodata.GPIO_MODE_WIREDANDFILTER
                0x0000000000000000        0x4 gcc/main.o
 .rodata.GPIO_MODE_WIREDANDPULLUP
                0x0000000000000000        0x4 gcc/main.o
 .rodata.GPIO_MODE_WIREDANDPULLUPFILTER
                0x0000000000000000        0x4 gcc/main.o
 .rodata.GPIO_MODE_WIREDANDDRIVE
                0x0000000000000000        0x4 gcc/main.o
 .rodata.GPIO_MODE_WIREDANDDRIVEFILTER
                0x0000000000000000        0x4 gcc/main.o
 .rodata.GPIO_MODE_WIREDANDDRIVEPULLUP
                0x0000000000000000        0x4 gcc/main.o
 .rodata.GPIO_MODE_WIREDANDDRIVEPULLUPFILTER
                0x0000000000000000        0x4 gcc/main.o
 .text          0x0000000000000000        0x0 gcc/led.o
 .data          0x0000000000000000        0x0 gcc/led.o
 .bss           0x0000000000000000        0x0 gcc/led.o
 .rodata.GPIOE  0x0000000000000000        0x4 gcc/led.o
 .text.LED_Toggle
                0x0000000000000000       0x24 gcc/led.o
 .text          0x0000000000000000        0x0 gcc/uart.o
 .data          0x0000000000000000        0x0 gcc/uart.o
 .bss           0x0000000000000000        0x0 gcc/uart.o
 .rodata.BAUD   0x0000000000000000        0x4 gcc/uart.o
 .rodata.OVERSAMPLING
                0x0000000000000000        0x4 gcc/uart.o
 .rodata.GPIOE  0x0000000000000000        0x4 gcc/uart.o
 .rodata.GPIOF  0x0000000000000000        0x4 gcc/uart.o
 .text.UART_GetStatus
                0x0000000000000000       0x1c gcc/uart.o
 .text.UART_GetChar
                0x0000000000000000       0x34 gcc/uart.o
 .text.UART_EnableInterrupts
                0x0000000000000000       0x44 gcc/uart.o
 .text.UART_DisableInterrupts
                0x0000000000000000       0x44 gcc/uart.o
 .text.UART_PutCharPolling
                0x0000000000000000       0x2c gcc/uart.o
 .text.UART_Flush
                0x0000000000000000       0x6c gcc/uart.o
 .text          0x0000000000000000        0x0 gcc/gpio.o
 .data          0x0000000000000000        0x0 gcc/gpio.o
 .bss           0x0000000000000000        0x0 gcc/gpio.o
 .rodata.GPIOA  0x0000000000000000        0x4 gcc/gpio.o
 .rodata.GPIOB  0x0000000000000000        0x4 gcc/gpio.o
 .rodata.GPIOC  0x0000000000000000        0x4 gcc/gpio.o
 .rodata.GPIOD  0x0000000000000000        0x4 gcc/gpio.o
 .rodata.GPIOE  0x0000000000000000        0x4 gcc/gpio.o
 .rodata.GPIOF  0x0000000000000000        0x4 gcc/gpio.o
 .rodata.GPIO_MODE_DISABLE
                0x0000000000000000        0x4 gcc/gpio.o
 .rodata.GPIO_MODE_INPUT
                0x0000000000000000        0x4 gcc/gpio.o
 .rodata.GPIO_MODE_INPUTPULL
                0x0000000000000000        0x4 gcc/gpio.o
 .rodata.GPIO_MODE_INPUTPULLFILTER
                0x0000000000000000        0x4 gcc/gpio.o
 .rodata.GPIO_MODE_PUSHPULL
                0x0000000000000000        0x4 gcc/gpio.o
 .rodata.GPIO_MODE_PUSHPULLDRIVE
                0x0000000000000000        0x4 gcc/gpio.o
 .rodata.GPIO_MODE_WIREDOR
                0x0000000000000000        0x4 gcc/gpio.o
 .rodata.GPIO_MODE_WIREDORPULLDOWN
                0x0000000000000000        0x4 gcc/gpio.o
 .rodata.GPIO_MODE_WIREDAND
                0x0000000000000000        0x4 gcc/gpio.o
 .rodata.GPIO_MODE_WIREDANDFILTER
                0x0000000000000000        0x4 gcc/gpio.o
 .rodata.GPIO_MODE_WIREDANDPULLUP
                0x0000000000000000        0x4 gcc/gpio.o
 .rodata.GPIO_MODE_WIREDANDPULLUPFILTER
                0x0000000000000000        0x4 gcc/gpio.o
 .rodata.GPIO_MODE_WIREDANDDRIVE
                0x0000000000000000        0x4 gcc/gpio.o
 .rodata.GPIO_MODE_WIREDANDDRIVEFILTER
                0x0000000000000000        0x4 gcc/gpio.o
 .rodata.GPIO_MODE_WIREDANDDRIVEPULLUP
                0x0000000000000000        0x4 gcc/gpio.o
 .rodata.GPIO_MODE_WIREDANDDRIVEPULLUPFILTER
                0x0000000000000000        0x4 gcc/gpio.o
 .text          0x0000000000000000        0x0 gcc/buffer.o
 .data          0x0000000000000000        0x0 gcc/buffer.o
 .bss           0x0000000000000000        0x0 gcc/buffer.o
 .text.buffer_clear
                0x0000000000000000       0x2a gcc/buffer.o
 .text          0x0000000000000000        0x0 gcc/adc.o
 .data          0x0000000000000000        0x0 gcc/adc.o
 .bss           0x0000000000000000        0x0 gcc/adc.o
 .text          0x0000000000000000      0x254 /home/luizalaquini/gcc-arm-none-eabi-10.3-2021.10/bin/../lib/gcc/arm-none-eabi/10.3.1/thumb/v7-m/nofp/libgcc.a(_arm_muldf3.o)
 .data          0x0000000000000000        0x0 /home/luizalaquini/gcc-arm-none-eabi-10.3-2021.10/bin/../lib/gcc/arm-none-eabi/10.3.1/thumb/v7-m/nofp/libgcc.a(_arm_muldf3.o)
 .bss           0x0000000000000000        0x0 /home/luizalaquini/gcc-arm-none-eabi-10.3-2021.10/bin/../lib/gcc/arm-none-eabi/10.3.1/thumb/v7-m/nofp/libgcc.a(_arm_muldf3.o)
 .debug_frame   0x0000000000000000       0x30 /home/luizalaquini/gcc-arm-none-eabi-10.3-2021.10/bin/../lib/gcc/arm-none-eabi/10.3.1/thumb/v7-m/nofp/libgcc.a(_arm_muldf3.o)
 .ARM.attributes
                0x0000000000000000       0x1d /home/luizalaquini/gcc-arm-none-eabi-10.3-2021.10/bin/../lib/gcc/arm-none-eabi/10.3.1/thumb/v7-m/nofp/libgcc.a(_arm_muldf3.o)
 .data          0x0000000000000000        0x0 /home/luizalaquini/gcc-arm-none-eabi-10.3-2021.10/bin/../lib/gcc/arm-none-eabi/10.3.1/thumb/v7-m/nofp/libgcc.a(_arm_addsubdf3.o)
 .bss           0x0000000000000000        0x0 /home/luizalaquini/gcc-arm-none-eabi-10.3-2021.10/bin/../lib/gcc/arm-none-eabi/10.3.1/thumb/v7-m/nofp/libgcc.a(_arm_addsubdf3.o)
 .data          0x0000000000000000        0x0 /home/luizalaquini/gcc-arm-none-eabi-10.3-2021.10/bin/../lib/gcc/arm-none-eabi/10.3.1/thumb/v7-m/nofp/libgcc.a(_arm_muldivdf3.o)
 .bss           0x0000000000000000        0x0 /home/luizalaquini/gcc-arm-none-eabi-10.3-2021.10/bin/../lib/gcc/arm-none-eabi/10.3.1/thumb/v7-m/nofp/libgcc.a(_arm_muldivdf3.o)
 .data          0x0000000000000000        0x0 /home/luizalaquini/gcc-arm-none-eabi-10.3-2021.10/bin/../lib/gcc/arm-none-eabi/10.3.1/thumb/v7-m/nofp/libgcc.a(_arm_fixdfsi.o)
 .bss           0x0000000000000000        0x0 /home/luizalaquini/gcc-arm-none-eabi-10.3-2021.10/bin/../lib/gcc/arm-none-eabi/10.3.1/thumb/v7-m/nofp/libgcc.a(_arm_fixdfsi.o)
 .text          0x0000000000000000        0x0 /home/luizalaquini/gcc-arm-none-eabi-10.3-2021.10/bin/../lib/gcc/arm-none-eabi/10.3.1/../../../../arm-none-eabi/lib/thumb/v7-m/nofp/libg_nano.a(lib_a-itoa.o)
 .data          0x0000000000000000        0x0 /home/luizalaquini/gcc-arm-none-eabi-10.3-2021.10/bin/../lib/gcc/arm-none-eabi/10.3.1/../../../../arm-none-eabi/lib/thumb/v7-m/nofp/libg_nano.a(lib_a-itoa.o)
 .bss           0x0000000000000000        0x0 /home/luizalaquini/gcc-arm-none-eabi-10.3-2021.10/bin/../lib/gcc/arm-none-eabi/10.3.1/../../../../arm-none-eabi/lib/thumb/v7-m/nofp/libg_nano.a(lib_a-itoa.o)
 .data          0x0000000000000000        0x0 /home/luizalaquini/gcc-arm-none-eabi-10.3-2021.10/bin/../lib/gcc/arm-none-eabi/10.3.1/../../../../arm-none-eabi/lib/thumb/v7-m/nofp/libg_nano.a(lib_a-strcmp.o)
 .bss           0x0000000000000000        0x0 /home/luizalaquini/gcc-arm-none-eabi-10.3-2021.10/bin/../lib/gcc/arm-none-eabi/10.3.1/../../../../arm-none-eabi/lib/thumb/v7-m/nofp/libg_nano.a(lib_a-strcmp.o)
 .text          0x0000000000000000        0x0 /home/luizalaquini/gcc-arm-none-eabi-10.3-2021.10/bin/../lib/gcc/arm-none-eabi/10.3.1/../../../../arm-none-eabi/lib/thumb/v7-m/nofp/libg_nano.a(lib_a-utoa.o)
 .data          0x0000000000000000        0x0 /home/luizalaquini/gcc-arm-none-eabi-10.3-2021.10/bin/../lib/gcc/arm-none-eabi/10.3.1/../../../../arm-none-eabi/lib/thumb/v7-m/nofp/libg_nano.a(lib_a-utoa.o)
 .bss           0x0000000000000000        0x0 /home/luizalaquini/gcc-arm-none-eabi-10.3-2021.10/bin/../lib/gcc/arm-none-eabi/10.3.1/../../../../arm-none-eabi/lib/thumb/v7-m/nofp/libg_nano.a(lib_a-utoa.o)
 .text.utoa     0x0000000000000000        0x4 /home/luizalaquini/gcc-arm-none-eabi-10.3-2021.10/bin/../lib/gcc/arm-none-eabi/10.3.1/../../../../arm-none-eabi/lib/thumb/v7-m/nofp/libg_nano.a(lib_a-utoa.o)

Memory Configuration

Name             Origin             Length             Attributes
FLASH            0x0000000000000000 0x0000000000100000 xr
RAM              0x0000000020000000 0x0000000000020000 xrw
*default*        0x0000000000000000 0xffffffffffffffff

Linker script and memory map

LOAD gcc/startup_efm32gg.o
LOAD gcc/pwm.o
LOAD gcc/system_efm32gg.o
LOAD gcc/clock_efm32gg2.o
LOAD gcc/main.o
LOAD gcc/led.o
LOAD gcc/uart.o
LOAD gcc/gpio.o
LOAD gcc/buffer.o
LOAD gcc/adc.o
START GROUP
LOAD /home/luizalaquini/gcc-arm-none-eabi-10.3-2021.10/bin/../lib/gcc/arm-none-eabi/10.3.1/thumb/v7-m/nofp/libgcc.a
LOAD /home/luizalaquini/gcc-arm-none-eabi-10.3-2021.10/bin/../lib/gcc/arm-none-eabi/10.3.1/../../../../arm-none-eabi/lib/thumb/v7-m/nofp/libg_nano.a
LOAD /home/luizalaquini/gcc-arm-none-eabi-10.3-2021.10/bin/../lib/gcc/arm-none-eabi/10.3.1/../../../../arm-none-eabi/lib/thumb/v7-m/nofp/libc_nano.a
END GROUP
START GROUP
LOAD /home/luizalaquini/gcc-arm-none-eabi-10.3-2021.10/bin/../lib/gcc/arm-none-eabi/10.3.1/thumb/v7-m/nofp/libgcc.a
LOAD /home/luizalaquini/gcc-arm-none-eabi-10.3-2021.10/bin/../lib/gcc/arm-none-eabi/10.3.1/../../../../arm-none-eabi/lib/thumb/v7-m/nofp/libc_nano.a
END GROUP

.text           0x0000000000000000     0x26ad
 *(.vectors)
 .vectors       0x0000000000000000       0xdc gcc/startup_efm32gg.o
                0x0000000000000000                __Vectors
                0x00000000000000dc                __Vectors_End = .
                0x00000000000000dc                __Vectors_Size = (__Vectors_End - __Vectors)
                0x00000000200001f8                __end__ = .
 *(.text*)
 .text.Reset_Handler
                0x00000000000000dc       0x50 gcc/startup_efm32gg.o
                0x00000000000000dc                Reset_Handler
 .text._main    0x000000000000012c        0xc gcc/startup_efm32gg.o
                0x000000000000012c                _main
 .text.Default_Handler
                0x0000000000000138        0x6 gcc/startup_efm32gg.o
                0x0000000000000138                TIMER2_IRQHandler
                0x0000000000000138                DebugMon_Handler
                0x0000000000000138                USART0_TX_IRQHandler
                0x0000000000000138                I2C0_IRQHandler
                0x0000000000000138                HardFault_Handler
                0x0000000000000138                LEUART1_IRQHandler
                0x0000000000000138                SysTick_Handler
                0x0000000000000138                USART1_RX_IRQHandler
                0x0000000000000138                PendSV_Handler
                0x0000000000000138                NMI_Handler
                0x0000000000000138                I2C1_IRQHandler
                0x0000000000000138                TIMER3_IRQHandler
                0x0000000000000138                USART1_TX_IRQHandler
                0x0000000000000138                MSC_IRQHandler
                0x0000000000000138                UsageFault_Handler
                0x0000000000000138                LEUART0_IRQHandler
                0x0000000000000138                GPIO_EVEN_IRQHandler
                0x0000000000000138                UART1_TX_IRQHandler
                0x0000000000000138                RTC_IRQHandler
                0x0000000000000138                TIMER0_IRQHandler
                0x0000000000000138                LCD_IRQHandler
                0x0000000000000138                PCNT2_IRQHandler
                0x0000000000000138                LETIMER0_IRQHandler
                0x0000000000000138                TIMER1_IRQHandler
                0x0000000000000138                USART2_RX_IRQHandler
                0x0000000000000138                Default_Handler
                0x0000000000000138                EMU_IRQHandler
                0x0000000000000138                PCNT0_IRQHandler
                0x0000000000000138                USB_IRQHandler
                0x0000000000000138                BURTC_IRQHandler
                0x0000000000000138                PCNT1_IRQHandler
                0x0000000000000138                ACMP0_IRQHandler
                0x0000000000000138                USART0_RX_IRQHandler
                0x0000000000000138                MemManage_Handler
                0x0000000000000138                SVC_Handler
                0x0000000000000138                DAC0_IRQHandler
                0x0000000000000138                UART1_RX_IRQHandler
                0x0000000000000138                CMU_IRQHandler
                0x0000000000000138                EBI_IRQHandler
                0x0000000000000138                LESENSE_IRQHandler
                0x0000000000000138                GPIO_ODD_IRQHandler
                0x0000000000000138                AES_IRQHandler
                0x0000000000000138                VCMP_IRQHandler
                0x0000000000000138                DMA_IRQHandler
                0x0000000000000138                BusFault_Handler
                0x0000000000000138                USART2_TX_IRQHandler
 .text.PWM_Start
                0x000000000000013e       0x18 gcc/pwm.o
                0x000000000000013e                PWM_Start
 .text.PWM_Stop
                0x0000000000000156       0x18 gcc/pwm.o
                0x0000000000000156                PWM_Stop
 *fill*         0x000000000000016e        0x2 
 .text.Timer_ClockEnable
                0x0000000000000170       0x94 gcc/pwm.o
 .text.PWM_ConfigureOutputPin
                0x0000000000000204      0x13c gcc/pwm.o
 .text.PWM_Init
                0x0000000000000340      0x214 gcc/pwm.o
                0x0000000000000340                PWM_Init
 .text.finddivencoding
                0x0000000000000554       0x32 gcc/pwm.o
 .text.PWM_Config
                0x0000000000000586       0x46 gcc/pwm.o
                0x0000000000000586                PWM_Config
 .text.PWM_Write
                0x00000000000005cc       0x26 gcc/pwm.o
                0x00000000000005cc                PWM_Write
 *fill*         0x00000000000005f2        0x2 
 .text.GetProdRev
                0x00000000000005f4       0x18 gcc/system_efm32gg.o
 .text.SystemCoreClockGet
                0x000000000000060c       0x34 gcc/system_efm32gg.o
                0x000000000000060c                SystemCoreClockGet
 .text.SystemHFClockGet
                0x0000000000000640      0x118 gcc/system_efm32gg.o
                0x0000000000000640                SystemHFClockGet
 .text.SystemInit
                0x0000000000000758        0xc gcc/system_efm32gg.o
                0x0000000000000758                SystemInit
 .text.SystemCoreClockUpdate
                0x0000000000000764        0xc gcc/clock_efm32gg2.o
 .text.GetProdRev
                0x0000000000000770       0x18 gcc/clock_efm32gg2.o
 .text.nearestpower2exp
                0x0000000000000788       0x6c gcc/clock_efm32gg2.o
 .text.ClockProcessPreChange
                0x00000000000007f4       0x6c gcc/clock_efm32gg2.o
                0x00000000000007f4                ClockProcessPreChange
 .text.ClockProcessPostChange
                0x0000000000000860       0x6c gcc/clock_efm32gg2.o
                0x0000000000000860                ClockProcessPostChange
 .text.ClockSetCoreClock
                0x00000000000008cc      0x304 gcc/clock_efm32gg2.o
                0x00000000000008cc                ClockSetCoreClock
 .text.ClockGetConfiguration
                0x0000000000000bd0      0x1c4 gcc/clock_efm32gg2.o
                0x0000000000000bd0                ClockGetConfiguration
 .text.ClockConfigureSystemForClockFrequency
                0x0000000000000d94       0x98 gcc/clock_efm32gg2.o
                0x0000000000000d94                ClockConfigureSystemForClockFrequency
 .text.ClockGetPeripheralClockFrequency
                0x0000000000000e2c       0x18 gcc/clock_efm32gg2.o
                0x0000000000000e2c                ClockGetPeripheralClockFrequency
 .text.ClockGetCoreClockFrequency
                0x0000000000000e44       0x18 gcc/clock_efm32gg2.o
                0x0000000000000e44                ClockGetCoreClockFrequency
 .text.GPIO_ReadPins
                0x0000000000000e5c       0x16 gcc/main.o
 *fill*         0x0000000000000e72        0x2 
 .text.main     0x0000000000000e74      0x10c gcc/main.o
                0x0000000000000e74                main
 .text.readPrintButtons
                0x0000000000000f80       0x68 gcc/main.o
                0x0000000000000f80                readPrintButtons
 .text.printAnalogRead
                0x0000000000000fe8       0x88 gcc/main.o
                0x0000000000000fe8                printAnalogRead
 .text.execCommand
                0x0000000000001070       0xfc gcc/main.o
                0x0000000000001070                execCommand
 .text.LED_Init
                0x000000000000116c       0x7c gcc/led.o
                0x000000000000116c                LED_Init
 .text.LED_On   0x00000000000011e8       0x24 gcc/led.o
                0x00000000000011e8                LED_On
 .text.LED_Off  0x000000000000120c       0x24 gcc/led.o
                0x000000000000120c                LED_Off
 .text.LED_Write
                0x0000000000001230       0x2c gcc/led.o
                0x0000000000001230                LED_Write
 .text.NVIC_EnableIRQ
                0x000000000000125c       0x30 gcc/uart.o
 .text.NVIC_ClearPendingIRQ
                0x000000000000128c       0x34 gcc/uart.o
 .text.NVIC_SetPriority
                0x00000000000012c0       0x54 gcc/uart.o
 .text.UART_Reset
                0x0000000000001314       0x6c gcc/uart.o
                0x0000000000001314                UART_Reset
 .text.UART_Init
                0x0000000000001380      0x178 gcc/uart.o
                0x0000000000001380                UART_Init
 .text.UART0_RX_IRQHandler
                0x00000000000014f8       0x38 gcc/uart.o
                0x00000000000014f8                UART0_RX_IRQHandler
 .text.UART0_TX_IRQHandler
                0x0000000000001530       0x54 gcc/uart.o
                0x0000000000001530                UART0_TX_IRQHandler
 .text.UART_SendChar
                0x0000000000001584       0x50 gcc/uart.o
                0x0000000000001584                UART_SendChar
 .text.UART_SendString
                0x00000000000015d4       0x2a gcc/uart.o
                0x00000000000015d4                UART_SendString
 *fill*         0x00000000000015fe        0x2 
 .text.UART_GetCharNoWait
                0x0000000000001600       0x38 gcc/uart.o
                0x0000000000001600                UART_GetCharNoWait
 .text.GPIO_ConfigPins
                0x0000000000001638       0xb0 gcc/gpio.o
                0x0000000000001638                GPIO_ConfigPins
 .text.GPIO_Init
                0x00000000000016e8       0x48 gcc/gpio.o
                0x00000000000016e8                GPIO_Init
 .text.buffer_init
                0x0000000000001730       0x38 gcc/buffer.o
                0x0000000000001730                buffer_init
 .text.buffer_deinit
                0x0000000000001768       0x2a gcc/buffer.o
                0x0000000000001768                buffer_deinit
 .text.buffer_insert
                0x0000000000001792       0x5e gcc/buffer.o
                0x0000000000001792                buffer_insert
 .text.buffer_remove
                0x00000000000017f0       0x56 gcc/buffer.o
                0x00000000000017f0                buffer_remove
 *fill*         0x0000000000001846        0x2 
 .text.GetCalibrationValues
                0x0000000000001848       0xe0 gcc/adc.o
 .text.ADC0_IRQHandler
                0x0000000000001928        0xc gcc/adc.o
                0x0000000000001928                ADC0_IRQHandler
 .text.ADC_Init
                0x0000000000001934      0x11c gcc/adc.o
                0x0000000000001934                ADC_Init
 .text.ADC_ConfigChannel
                0x0000000000001a50       0xd4 gcc/adc.o
                0x0000000000001a50                ADC_ConfigChannel
 .text.ADC_Read
                0x0000000000001b24       0x1e gcc/adc.o
                0x0000000000001b24                ADC_Read
 *fill*         0x0000000000001b42        0x2 
 .text.ADC_StartReading
                0x0000000000001b44       0x58 gcc/adc.o
                0x0000000000001b44                ADC_StartReading
 .text.ADC_GetReading
                0x0000000000001b9c       0x38 gcc/adc.o
                0x0000000000001b9c                ADC_GetReading
 .text          0x0000000000001bd4      0x378 /home/luizalaquini/gcc-arm-none-eabi-10.3-2021.10/bin/../lib/gcc/arm-none-eabi/10.3.1/thumb/v7-m/nofp/libgcc.a(_arm_addsubdf3.o)
                0x0000000000001bd4                __aeabi_drsub
                0x0000000000001bdc                __aeabi_dsub
                0x0000000000001bdc                __subdf3
                0x0000000000001be0                __adddf3
                0x0000000000001be0                __aeabi_dadd
                0x0000000000001e58                __aeabi_ui2d
                0x0000000000001e58                __floatunsidf
                0x0000000000001e78                __floatsidf
                0x0000000000001e78                __aeabi_i2d
                0x0000000000001e9c                __extendsfdf2
                0x0000000000001e9c                __aeabi_f2d
                0x0000000000001ee0                __aeabi_ul2d
                0x0000000000001ee0                __floatundidf
                0x0000000000001ef0                __floatdidf
                0x0000000000001ef0                __aeabi_l2d
 .text          0x0000000000001f4c      0x424 /home/luizalaquini/gcc-arm-none-eabi-10.3-2021.10/bin/../lib/gcc/arm-none-eabi/10.3.1/thumb/v7-m/nofp/libgcc.a(_arm_muldivdf3.o)
                0x0000000000001f4c                __aeabi_dmul
                0x0000000000001f4c                __muldf3
                0x00000000000021a0                __aeabi_ddiv
                0x00000000000021a0                __divdf3
 .text          0x0000000000002370       0x50 /home/luizalaquini/gcc-arm-none-eabi-10.3-2021.10/bin/../lib/gcc/arm-none-eabi/10.3.1/thumb/v7-m/nofp/libgcc.a(_arm_fixdfsi.o)
                0x0000000000002370                __fixdfsi
                0x0000000000002370                __aeabi_d2iz
 .text.__itoa   0x00000000000023c0       0x30 /home/luizalaquini/gcc-arm-none-eabi-10.3-2021.10/bin/../lib/gcc/arm-none-eabi/10.3.1/../../../../arm-none-eabi/lib/thumb/v7-m/nofp/libg_nano.a(lib_a-itoa.o)
                0x00000000000023c0                __itoa
 .text.itoa     0x00000000000023f0        0x4 /home/luizalaquini/gcc-arm-none-eabi-10.3-2021.10/bin/../lib/gcc/arm-none-eabi/10.3.1/../../../../arm-none-eabi/lib/thumb/v7-m/nofp/libg_nano.a(lib_a-itoa.o)
                0x00000000000023f0                itoa
 .text          0x00000000000023f4       0x14 /home/luizalaquini/gcc-arm-none-eabi-10.3-2021.10/bin/../lib/gcc/arm-none-eabi/10.3.1/../../../../arm-none-eabi/lib/thumb/v7-m/nofp/libg_nano.a(lib_a-strcmp.o)
                0x00000000000023f4                strcmp
 .text.__utoa   0x0000000000002408       0x84 /home/luizalaquini/gcc-arm-none-eabi-10.3-2021.10/bin/../lib/gcc/arm-none-eabi/10.3.1/../../../../arm-none-eabi/lib/thumb/v7-m/nofp/libg_nano.a(lib_a-utoa.o)
                0x0000000000002408                __utoa
 *(.init)
 *(.fini)
 *crtbegin.o(.ctors)
 *crtbegin?.o(.ctors)
 *(EXCLUDE_FILE(*crtend.o *crtend?.o) .ctors)
 *(SORT_BY_NAME(.ctors.*))
 *(.ctors)
 *crtbegin.o(.dtors)
 *crtbegin?.o(.dtors)
 *(EXCLUDE_FILE(*crtend.o *crtend?.o) .dtors)
 *(SORT_BY_NAME(.dtors.*))
 *(.dtors)
 *(.rodata*)
 .rodata.timerpins
                0x000000000000248c       0xb4 gcc/pwm.o
 .rodata        0x0000000000002540       0xf2 gcc/main.o
 *fill*         0x0000000000002632        0x2 
 .rodata.default_singlectrl
                0x0000000000002634       0x54 gcc/adc.o
 .rodata.__utoa.str1.1
                0x0000000000002688       0x25 /home/luizalaquini/gcc-arm-none-eabi-10.3-2021.10/bin/../lib/gcc/arm-none-eabi/10.3.1/../../../../arm-none-eabi/lib/thumb/v7-m/nofp/libg_nano.a(lib_a-utoa.o)
 *(.eh_frame*)

.glue_7         0x00000000000026b0        0x0
 .glue_7        0x00000000000026b0        0x0 linker stubs

.glue_7t        0x00000000000026b0        0x0
 .glue_7t       0x00000000000026b0        0x0 linker stubs

.vfp11_veneer   0x00000000000026b0        0x0
 .vfp11_veneer  0x00000000000026b0        0x0 linker stubs

.v4_bx          0x00000000000026b0        0x0
 .v4_bx         0x00000000000026b0        0x0 linker stubs

.iplt           0x00000000000026b0        0x0
 .iplt          0x00000000000026b0        0x0 gcc/startup_efm32gg.o

.rel.dyn        0x00000000000026b0        0x0
 .rel.iplt      0x00000000000026b0        0x0 gcc/startup_efm32gg.o

.ARM.extab
 *(.ARM.extab* .gnu.linkonce.armextab.*)
                0x00000000000026ad                __exidx_start = .

.ARM.exidx
 *(.ARM.exidx* .gnu.linkonce.armexidx.*)
                0x00000000000026ad                __exidx_end = .
                0x00000000000026ad                __etext = .

.data           0x0000000020000000        0x8 load address 0x00000000000026ad
                0x0000000020000000                __data_start__ = .
 *(vtable)
 *(.data*)
 .data.SystemHFXOClock
                0x0000000020000000        0x4 gcc/system_efm32gg.o
 .data.SystemLFXOClock
                0x0000000020000004        0x4 gcc/system_efm32gg.o
                0x0000000020000008                . = ALIGN (0x4)
 *(.ram)
                0x0000000020000008                . = ALIGN (0x4)
                [!provide]                        PROVIDE (__preinit_array_start = .)
 *(.preinit_array)
                [!provide]                        PROVIDE (__preinit_array_end = .)
                0x0000000020000008                . = ALIGN (0x4)
                [!provide]                        PROVIDE (__init_array_start = .)
 *(SORT_BY_NAME(.init_array.*))
 *(.init_array)
                [!provide]                        PROVIDE (__init_array_end = .)
                0x0000000020000008                . = ALIGN (0x4)
                [!provide]                        PROVIDE (__fini_array_start = .)
 *(SORT_BY_NAME(.fini_array.*))
 *(.fini_array)
                [!provide]                        PROVIDE (__fini_array_end = .)
 *(.jcr*)
                0x0000000020000008                . = ALIGN (0x4)
                0x0000000020000008                __data_end__ = .

.igot.plt       0x0000000020000008        0x0 load address 0x00000000000026b8
 .igot.plt      0x0000000020000008        0x0 gcc/startup_efm32gg.o

.bss            0x0000000020000008      0x1f0 load address 0x00000000000026b8
                0x0000000020000008                . = ALIGN (0x4)
                0x0000000020000008                __bss_start__ = .
 *(.bss*)
 .bss.SystemCoreClock
                0x0000000020000008        0x4 gcc/system_efm32gg.o
                0x0000000020000008                SystemCoreClock
 .bss.callbacks
                0x000000002000000c       0x78 gcc/clock_efm32gg2.o
 .bss.inputbufferarea
                0x0000000020000084       0x74 gcc/uart.o
                0x0000000020000084                inputbufferarea
 .bss.outputbufferarea
                0x00000000200000f8       0x74 gcc/uart.o
                0x00000000200000f8                outputbufferarea
 .bss.inputbuffer
                0x000000002000016c        0x4 gcc/uart.o
                0x000000002000016c                inputbuffer
 .bss.outputbuffer
                0x0000000020000170        0x4 gcc/uart.o
                0x0000000020000170                outputbuffer
 .bss.singlectrl
                0x0000000020000174       0x54 gcc/adc.o
 .bss.adc_cal   0x00000000200001c8        0x4 gcc/adc.o
 .bss.adc_bias  0x00000000200001cc        0x4 gcc/adc.o
 .bss.cal_gain_1v25
                0x00000000200001d0        0x4 gcc/adc.o
 .bss.cal_offset_1v25
                0x00000000200001d4        0x4 gcc/adc.o
 .bss.cal_gain_2v5
                0x00000000200001d8        0x4 gcc/adc.o
 .bss.cal_offset_2v5
                0x00000000200001dc        0x4 gcc/adc.o
 .bss.cal_gain_vdd
                0x00000000200001e0        0x4 gcc/adc.o
 .bss.cal_offset_vdd
                0x00000000200001e4        0x4 gcc/adc.o
 .bss.cal_gain_5v
                0x00000000200001e8        0x4 gcc/adc.o
 .bss.cal_offset_5v
                0x00000000200001ec        0x4 gcc/adc.o
 .bss.cal_gain_2xvdd
                0x00000000200001f0        0x4 gcc/adc.o
 .bss.cal_offset_2xvdd
                0x00000000200001f4        0x4 gcc/adc.o
 *(COMMON)
                0x00000000200001f8                . = ALIGN (0x4)
                0x00000000200001f8                __bss_end__ = .

.heap           0x00000000200001f8      0xc00
                0x00000000200001f8                __HeapBase = .
                0x00000000200001f8                __end__ = .
                0x00000000200001f8                end = __end__
                0x00000000200001f8                _end = __end__
 *(.heap*)
 .heap          0x00000000200001f8      0xc00 gcc/startup_efm32gg.o
                0x0000000020000df8                __HeapLimit = .

.stack_dummy    0x0000000020000df8      0x400
 *(.stack*)
 .stack         0x0000000020000df8      0x400 gcc/startup_efm32gg.o
                0x0000000020020000                __StackTop = (ORIGIN (RAM) + LENGTH (RAM))
                0x000000002001fc00                __StackLimit = (__StackTop - SIZEOF (.stack_dummy))
                [!provide]                        PROVIDE (__stack = __StackTop)
                0x0000000000000001                ASSERT ((__StackLimit >= __HeapLimit), region RAM overflowed with stack)
                0x0000000000000001                ASSERT ((LENGTH (FLASH) >= (__etext + SIZEOF (.data))), FLASH memory overflowed !)
OUTPUT(gcc/blink1.axf elf32-littlearm)
LOAD linker stubs

.debug_info     0x0000000000000000     0x4821
 .debug_info    0x0000000000000000      0x1e1 gcc/startup_efm32gg.o
 .debug_info    0x00000000000001e1      0xaaa gcc/pwm.o
 .debug_info    0x0000000000000c8b      0x504 gcc/system_efm32gg.o
 .debug_info    0x000000000000118f      0xac9 gcc/clock_efm32gg2.o
 .debug_info    0x0000000000001c58      0x7d6 gcc/main.o
 .debug_info    0x000000000000242e      0x50e gcc/led.o
 .debug_info    0x000000000000293c      0xdef gcc/uart.o
 .debug_info    0x000000000000372b      0x680 gcc/gpio.o
 .debug_info    0x0000000000003dab      0x1a8 gcc/buffer.o
 .debug_info    0x0000000000003f53      0x8ce gcc/adc.o

.debug_abbrev   0x0000000000000000      0xfad
 .debug_abbrev  0x0000000000000000       0xfb gcc/startup_efm32gg.o
 .debug_abbrev  0x00000000000000fb      0x1d4 gcc/pwm.o
 .debug_abbrev  0x00000000000002cf      0x185 gcc/system_efm32gg.o
 .debug_abbrev  0x0000000000000454      0x220 gcc/clock_efm32gg2.o
 .debug_abbrev  0x0000000000000674      0x181 gcc/main.o
 .debug_abbrev  0x00000000000007f5      0x12d gcc/led.o
 .debug_abbrev  0x0000000000000922      0x2d1 gcc/uart.o
 .debug_abbrev  0x0000000000000bf3      0x12d gcc/gpio.o
 .debug_abbrev  0x0000000000000d20       0xd7 gcc/buffer.o
 .debug_abbrev  0x0000000000000df7      0x1b6 gcc/adc.o

.debug_aranges  0x0000000000000000      0x360
 .debug_aranges
                0x0000000000000000       0x38 gcc/startup_efm32gg.o
 .debug_aranges
                0x0000000000000038       0x60 gcc/pwm.o
 .debug_aranges
                0x0000000000000098       0x70 gcc/system_efm32gg.o
 .debug_aranges
                0x0000000000000108       0x88 gcc/clock_efm32gg2.o
 .debug_aranges
                0x0000000000000190       0x40 gcc/main.o
 .debug_aranges
                0x00000000000001d0       0x40 gcc/led.o
 .debug_aranges
                0x0000000000000210       0x98 gcc/uart.o
 .debug_aranges
                0x00000000000002a8       0x28 gcc/gpio.o
 .debug_aranges
                0x00000000000002d0       0x40 gcc/buffer.o
 .debug_aranges
                0x0000000000000310       0x50 gcc/adc.o

.debug_ranges   0x0000000000000000      0x2c0
 .debug_ranges  0x0000000000000000       0x28 gcc/startup_efm32gg.o
 .debug_ranges  0x0000000000000028       0x50 gcc/pwm.o
 .debug_ranges  0x0000000000000078       0x60 gcc/system_efm32gg.o
 .debug_ranges  0x00000000000000d8       0x78 gcc/clock_efm32gg2.o
 .debug_ranges  0x0000000000000150       0x30 gcc/main.o
 .debug_ranges  0x0000000000000180       0x30 gcc/led.o
 .debug_ranges  0x00000000000001b0       0x88 gcc/uart.o
 .debug_ranges  0x0000000000000238       0x18 gcc/gpio.o
 .debug_ranges  0x0000000000000250       0x30 gcc/buffer.o
 .debug_ranges  0x0000000000000280       0x40 gcc/adc.o

.debug_line     0x0000000000000000     0x22e8
 .debug_line    0x0000000000000000      0x178 gcc/startup_efm32gg.o
 .debug_line    0x0000000000000178      0x41f gcc/pwm.o
 .debug_line    0x0000000000000597      0x310 gcc/system_efm32gg.o
 .debug_line    0x00000000000008a7      0x887 gcc/clock_efm32gg2.o
 .debug_line    0x000000000000112e      0x2d9 gcc/main.o
 .debug_line    0x0000000000001407      0x203 gcc/led.o
 .debug_line    0x000000000000160a      0x5ca gcc/uart.o
 .debug_line    0x0000000000001bd4      0x20a gcc/gpio.o
 .debug_line    0x0000000000001dde      0x12b gcc/buffer.o
 .debug_line    0x0000000000001f09      0x3df gcc/adc.o

.debug_str      0x0000000000000000     0x142b
 .debug_str     0x0000000000000000      0x1d1 gcc/startup_efm32gg.o
                                        0x216 (size before relaxing)
 .debug_str     0x00000000000001d1      0x4a3 gcc/pwm.o
                                        0x620 (size before relaxing)
 .debug_str     0x0000000000000674      0x17e gcc/system_efm32gg.o
                                        0x41e (size before relaxing)
 .debug_str     0x00000000000007f2      0x3b6 gcc/clock_efm32gg2.o
                                        0x6f1 (size before relaxing)
 .debug_str     0x0000000000000ba8       0xab gcc/main.o
                                        0x631 (size before relaxing)
 .debug_str     0x0000000000000c53       0x38 gcc/led.o
                                        0x340 (size before relaxing)
 .debug_str     0x0000000000000c8b      0x51f gcc/uart.o
                                        0x87a (size before relaxing)
 .debug_str     0x00000000000011aa       0x81 gcc/gpio.o
                                        0x500 (size before relaxing)
 .debug_str     0x000000000000122b       0x4c gcc/buffer.o
                                        0x14c (size before relaxing)
 .debug_str     0x0000000000001277      0x1b4 gcc/adc.o
                                        0x565 (size before relaxing)

.comment        0x0000000000000000       0x49
 .comment       0x0000000000000000       0x49 gcc/startup_efm32gg.o
                                         0x4a (size before relaxing)
 .comment       0x0000000000000049       0x4a gcc/pwm.o
 .comment       0x0000000000000049       0x4a gcc/system_efm32gg.o
 .comment       0x0000000000000049       0x4a gcc/clock_efm32gg2.o
 .comment       0x0000000000000049       0x4a gcc/main.o
 .comment       0x0000000000000049       0x4a gcc/led.o
 .comment       0x0000000000000049       0x4a gcc/uart.o
 .comment       0x0000000000000049       0x4a gcc/gpio.o
 .comment       0x0000000000000049       0x4a gcc/buffer.o
 .comment       0x0000000000000049       0x4a gcc/adc.o

.ARM.attributes
                0x0000000000000000       0x2b
 .ARM.attributes
                0x0000000000000000       0x2d gcc/startup_efm32gg.o
 .ARM.attributes
                0x000000000000002d       0x2d gcc/pwm.o
 .ARM.attributes
                0x000000000000005a       0x2d gcc/system_efm32gg.o
 .ARM.attributes
                0x0000000000000087       0x2d gcc/clock_efm32gg2.o
 .ARM.attributes
                0x00000000000000b4       0x2d gcc/main.o
 .ARM.attributes
                0x00000000000000e1       0x2d gcc/led.o
 .ARM.attributes
                0x000000000000010e       0x2d gcc/uart.o
 .ARM.attributes
                0x000000000000013b       0x2d gcc/gpio.o
 .ARM.attributes
                0x0000000000000168       0x2d gcc/buffer.o
 .ARM.attributes
                0x0000000000000195       0x2d gcc/adc.o
 .ARM.attributes
                0x00000000000001c2       0x1d /home/luizalaquini/gcc-arm-none-eabi-10.3-2021.10/bin/../lib/gcc/arm-none-eabi/10.3.1/thumb/v7-m/nofp/libgcc.a(_arm_addsubdf3.o)
 .ARM.attributes
                0x00000000000001df       0x1d /home/luizalaquini/gcc-arm-none-eabi-10.3-2021.10/bin/../lib/gcc/arm-none-eabi/10.3.1/thumb/v7-m/nofp/libgcc.a(_arm_muldivdf3.o)
 .ARM.attributes
                0x00000000000001fc       0x1d /home/luizalaquini/gcc-arm-none-eabi-10.3-2021.10/bin/../lib/gcc/arm-none-eabi/10.3.1/thumb/v7-m/nofp/libgcc.a(_arm_fixdfsi.o)
 .ARM.attributes
                0x0000000000000219       0x2d /home/luizalaquini/gcc-arm-none-eabi-10.3-2021.10/bin/../lib/gcc/arm-none-eabi/10.3.1/../../../../arm-none-eabi/lib/thumb/v7-m/nofp/libg_nano.a(lib_a-itoa.o)
 .ARM.attributes
                0x0000000000000246       0x1b /home/luizalaquini/gcc-arm-none-eabi-10.3-2021.10/bin/../lib/gcc/arm-none-eabi/10.3.1/../../../../arm-none-eabi/lib/thumb/v7-m/nofp/libg_nano.a(lib_a-strcmp.o)
 .ARM.attributes
                0x0000000000000261       0x2d /home/luizalaquini/gcc-arm-none-eabi-10.3-2021.10/bin/../lib/gcc/arm-none-eabi/10.3.1/../../../../arm-none-eabi/lib/thumb/v7-m/nofp/libg_nano.a(lib_a-utoa.o)

.debug_frame    0x0000000000000000      0xd80
 .debug_frame   0x0000000000000000       0x78 gcc/startup_efm32gg.o
 .debug_frame   0x0000000000000078      0x174 gcc/pwm.o
 .debug_frame   0x00000000000001ec      0x180 gcc/system_efm32gg.o
 .debug_frame   0x000000000000036c      0x20c gcc/clock_efm32gg2.o
 .debug_frame   0x0000000000000578       0xc4 gcc/main.o
 .debug_frame   0x000000000000063c       0xd4 gcc/led.o
 .debug_frame   0x0000000000000710      0x264 gcc/uart.o
 .debug_frame   0x0000000000000974       0x5c gcc/gpio.o
 .debug_frame   0x00000000000009d0       0xd8 gcc/buffer.o
 .debug_frame   0x0000000000000aa8      0x118 gcc/adc.o
 .debug_frame   0x0000000000000bc0       0xac /home/luizalaquini/gcc-arm-none-eabi-10.3-2021.10/bin/../lib/gcc/arm-none-eabi/10.3.1/thumb/v7-m/nofp/libgcc.a(_arm_addsubdf3.o)
 .debug_frame   0x0000000000000c6c       0x50 /home/luizalaquini/gcc-arm-none-eabi-10.3-2021.10/bin/../lib/gcc/arm-none-eabi/10.3.1/thumb/v7-m/nofp/libgcc.a(_arm_muldivdf3.o)
 .debug_frame   0x0000000000000cbc       0x24 /home/luizalaquini/gcc-arm-none-eabi-10.3-2021.10/bin/../lib/gcc/arm-none-eabi/10.3.1/thumb/v7-m/nofp/libgcc.a(_arm_fixdfsi.o)
 .debug_frame   0x0000000000000ce0       0x38 /home/luizalaquini/gcc-arm-none-eabi-10.3-2021.10/bin/../lib/gcc/arm-none-eabi/10.3.1/../../../../arm-none-eabi/lib/thumb/v7-m/nofp/libg_nano.a(lib_a-itoa.o)
 .debug_frame   0x0000000000000d18       0x20 /home/luizalaquini/gcc-arm-none-eabi-10.3-2021.10/bin/../lib/gcc/arm-none-eabi/10.3.1/../../../../arm-none-eabi/lib/thumb/v7-m/nofp/libg_nano.a(lib_a-strcmp.o)
 .debug_frame   0x0000000000000d38       0x48 /home/luizalaquini/gcc-arm-none-eabi-10.3-2021.10/bin/../lib/gcc/arm-none-eabi/10.3.1/../../../../arm-none-eabi/lib/thumb/v7-m/nofp/libg_nano.a(lib_a-utoa.o)
