
Discarded input sections

 .text          0x0000000000000000        0x0 gcc/clock_efm32gg2.o
 .data          0x0000000000000000        0x0 gcc/clock_efm32gg2.o
 .bss           0x0000000000000000        0x0 gcc/clock_efm32gg2.o
 .text.SystemCoreClockUpdate
                0x0000000000000000        0xc gcc/clock_efm32gg2.o
 .bss.callbacks
                0x0000000000000000       0x78 gcc/clock_efm32gg2.o
 .text.GetProdRev
                0x0000000000000000       0x18 gcc/clock_efm32gg2.o
 .text.nearestpower2exp
                0x0000000000000000       0x6c gcc/clock_efm32gg2.o
 .text.ClockRegisterCallback
                0x0000000000000000       0xc0 gcc/clock_efm32gg2.o
 .text.ClockProcessPreChange
                0x0000000000000000       0x6c gcc/clock_efm32gg2.o
 .text.ClockProcessPostChange
                0x0000000000000000       0x6c gcc/clock_efm32gg2.o
 .text.ClockSetCoreClock
                0x0000000000000000      0x304 gcc/clock_efm32gg2.o
 .text.ClockGetConfiguration
                0x0000000000000000      0x1c4 gcc/clock_efm32gg2.o
 .text.ClockConfigureSystemForClockFrequency
                0x0000000000000000       0x98 gcc/clock_efm32gg2.o
 .text.ClockSetPrescalers
                0x0000000000000000      0x11c gcc/clock_efm32gg2.o
 .text.ClockSetLFCLKA
                0x0000000000000000      0x12c gcc/clock_efm32gg2.o
 .text.ClockSetLFCLKB
                0x0000000000000000      0x12c gcc/clock_efm32gg2.o
 .text.ClockGetPeripheralClockFrequency
                0x0000000000000000       0x18 gcc/clock_efm32gg2.o
 .text.ClockGetCoreClockFrequency
                0x0000000000000000       0x18 gcc/clock_efm32gg2.o
 .debug_info    0x0000000000000000      0xac9 gcc/clock_efm32gg2.o
 .debug_abbrev  0x0000000000000000      0x220 gcc/clock_efm32gg2.o
 .debug_aranges
                0x0000000000000000       0x88 gcc/clock_efm32gg2.o
 .debug_ranges  0x0000000000000000       0x78 gcc/clock_efm32gg2.o
 .debug_line    0x0000000000000000      0x887 gcc/clock_efm32gg2.o
 .debug_str     0x0000000000000000      0x6f8 gcc/clock_efm32gg2.o
 .comment       0x0000000000000000       0x4a gcc/clock_efm32gg2.o
 .debug_frame   0x0000000000000000      0x20c gcc/clock_efm32gg2.o
 .ARM.attributes
                0x0000000000000000       0x2d gcc/clock_efm32gg2.o
 .text          0x0000000000000000        0x0 gcc/startup_efm32gg.o
 .data          0x0000000000000000        0x0 gcc/startup_efm32gg.o
 .bss           0x0000000000000000        0x0 gcc/startup_efm32gg.o
 .text.SystemInit
                0x0000000000000000        0xc gcc/startup_efm32gg.o
 .text          0x0000000000000000        0x0 gcc/pwm.o
 .data          0x0000000000000000        0x0 gcc/pwm.o
 .bss           0x0000000000000000        0x0 gcc/pwm.o
 .rodata.GPIOA  0x0000000000000000        0x4 gcc/pwm.o
 .rodata.GPIOB  0x0000000000000000        0x4 gcc/pwm.o
 .rodata.GPIOC  0x0000000000000000        0x4 gcc/pwm.o
 .rodata.GPIOD  0x0000000000000000        0x4 gcc/pwm.o
 .rodata.GPIOE  0x0000000000000000        0x4 gcc/pwm.o
 .rodata.GPIOF  0x0000000000000000        0x4 gcc/pwm.o
 .rodata.GPIO_MODE_DISABLE
                0x0000000000000000        0x4 gcc/pwm.o
 .rodata.GPIO_MODE_INPUT
                0x0000000000000000        0x4 gcc/pwm.o
 .rodata.GPIO_MODE_INPUTPULL
                0x0000000000000000        0x4 gcc/pwm.o
 .rodata.GPIO_MODE_INPUTPULLFILTER
                0x0000000000000000        0x4 gcc/pwm.o
 .rodata.GPIO_MODE_PUSHPULL
                0x0000000000000000        0x4 gcc/pwm.o
 .rodata.GPIO_MODE_PUSHPULLDRIVE
                0x0000000000000000        0x4 gcc/pwm.o
 .rodata.GPIO_MODE_WIREDOR
                0x0000000000000000        0x4 gcc/pwm.o
 .rodata.GPIO_MODE_WIREDORPULLDOWN
                0x0000000000000000        0x4 gcc/pwm.o
 .rodata.GPIO_MODE_WIREDAND
                0x0000000000000000        0x4 gcc/pwm.o
 .rodata.GPIO_MODE_WIREDANDFILTER
                0x0000000000000000        0x4 gcc/pwm.o
 .rodata.GPIO_MODE_WIREDANDPULLUP
                0x0000000000000000        0x4 gcc/pwm.o
 .rodata.GPIO_MODE_WIREDANDPULLUPFILTER
                0x0000000000000000        0x4 gcc/pwm.o
 .rodata.GPIO_MODE_WIREDANDDRIVE
                0x0000000000000000        0x4 gcc/pwm.o
 .rodata.GPIO_MODE_WIREDANDDRIVEFILTER
                0x0000000000000000        0x4 gcc/pwm.o
 .rodata.GPIO_MODE_WIREDANDDRIVEPULLUP
                0x0000000000000000        0x4 gcc/pwm.o
 .rodata.GPIO_MODE_WIREDANDDRIVEPULLUPFILTER
                0x0000000000000000        0x4 gcc/pwm.o
 .text.PWM_Read
                0x0000000000000000       0x26 gcc/pwm.o
 .text          0x0000000000000000        0x0 gcc/gpio.o
 .data          0x0000000000000000        0x0 gcc/gpio.o
 .bss           0x0000000000000000        0x0 gcc/gpio.o
 .rodata.GPIOA  0x0000000000000000        0x4 gcc/gpio.o
 .rodata.GPIOB  0x0000000000000000        0x4 gcc/gpio.o
 .rodata.GPIOC  0x0000000000000000        0x4 gcc/gpio.o
 .rodata.GPIOD  0x0000000000000000        0x4 gcc/gpio.o
 .rodata.GPIOE  0x0000000000000000        0x4 gcc/gpio.o
 .rodata.GPIOF  0x0000000000000000        0x4 gcc/gpio.o
 .rodata.GPIO_MODE_DISABLE
                0x0000000000000000        0x4 gcc/gpio.o
 .rodata.GPIO_MODE_INPUT
                0x0000000000000000        0x4 gcc/gpio.o
 .rodata.GPIO_MODE_INPUTPULL
                0x0000000000000000        0x4 gcc/gpio.o
 .rodata.GPIO_MODE_INPUTPULLFILTER
                0x0000000000000000        0x4 gcc/gpio.o
 .rodata.GPIO_MODE_PUSHPULL
                0x0000000000000000        0x4 gcc/gpio.o
 .rodata.GPIO_MODE_PUSHPULLDRIVE
                0x0000000000000000        0x4 gcc/gpio.o
 .rodata.GPIO_MODE_WIREDOR
                0x0000000000000000        0x4 gcc/gpio.o
 .rodata.GPIO_MODE_WIREDORPULLDOWN
                0x0000000000000000        0x4 gcc/gpio.o
 .rodata.GPIO_MODE_WIREDAND
                0x0000000000000000        0x4 gcc/gpio.o
 .rodata.GPIO_MODE_WIREDANDFILTER
                0x0000000000000000        0x4 gcc/gpio.o
 .rodata.GPIO_MODE_WIREDANDPULLUP
                0x0000000000000000        0x4 gcc/gpio.o
 .rodata.GPIO_MODE_WIREDANDPULLUPFILTER
                0x0000000000000000        0x4 gcc/gpio.o
 .rodata.GPIO_MODE_WIREDANDDRIVE
                0x0000000000000000        0x4 gcc/gpio.o
 .rodata.GPIO_MODE_WIREDANDDRIVEFILTER
                0x0000000000000000        0x4 gcc/gpio.o
 .rodata.GPIO_MODE_WIREDANDDRIVEPULLUP
                0x0000000000000000        0x4 gcc/gpio.o
 .rodata.GPIO_MODE_WIREDANDDRIVEPULLUPFILTER
                0x0000000000000000        0x4 gcc/gpio.o
 .text          0x0000000000000000        0x0 gcc/main.o
 .data          0x0000000000000000        0x0 gcc/main.o
 .bss           0x0000000000000000        0x0 gcc/main.o
 .rodata.GPIOA  0x0000000000000000        0x4 gcc/main.o
 .rodata.GPIOB  0x0000000000000000        0x4 gcc/main.o
 .rodata.GPIOC  0x0000000000000000        0x4 gcc/main.o
 .rodata.GPIOD  0x0000000000000000        0x4 gcc/main.o
 .rodata.GPIOE  0x0000000000000000        0x4 gcc/main.o
 .rodata.GPIOF  0x0000000000000000        0x4 gcc/main.o
 .rodata.GPIO_MODE_DISABLE
                0x0000000000000000        0x4 gcc/main.o
 .rodata.GPIO_MODE_INPUT
                0x0000000000000000        0x4 gcc/main.o
 .rodata.GPIO_MODE_INPUTPULL
                0x0000000000000000        0x4 gcc/main.o
 .rodata.GPIO_MODE_INPUTPULLFILTER
                0x0000000000000000        0x4 gcc/main.o
 .rodata.GPIO_MODE_PUSHPULL
                0x0000000000000000        0x4 gcc/main.o
 .rodata.GPIO_MODE_PUSHPULLDRIVE
                0x0000000000000000        0x4 gcc/main.o
 .rodata.GPIO_MODE_WIREDOR
                0x0000000000000000        0x4 gcc/main.o
 .rodata.GPIO_MODE_WIREDORPULLDOWN
                0x0000000000000000        0x4 gcc/main.o
 .rodata.GPIO_MODE_WIREDAND
                0x0000000000000000        0x4 gcc/main.o
 .rodata.GPIO_MODE_WIREDANDFILTER
                0x0000000000000000        0x4 gcc/main.o
 .rodata.GPIO_MODE_WIREDANDPULLUP
                0x0000000000000000        0x4 gcc/main.o
 .rodata.GPIO_MODE_WIREDANDPULLUPFILTER
                0x0000000000000000        0x4 gcc/main.o
 .rodata.GPIO_MODE_WIREDANDDRIVE
                0x0000000000000000        0x4 gcc/main.o
 .rodata.GPIO_MODE_WIREDANDDRIVEFILTER
                0x0000000000000000        0x4 gcc/main.o
 .rodata.GPIO_MODE_WIREDANDDRIVEPULLUP
                0x0000000000000000        0x4 gcc/main.o
 .rodata.GPIO_MODE_WIREDANDDRIVEPULLUPFILTER
                0x0000000000000000        0x4 gcc/main.o
 .text          0x0000000000000000        0x0 gcc/buffer.o
 .data          0x0000000000000000        0x0 gcc/buffer.o
 .bss           0x0000000000000000        0x0 gcc/buffer.o
 .text.buffer_init
                0x0000000000000000       0x38 gcc/buffer.o
 .text.buffer_deinit
                0x0000000000000000       0x2a gcc/buffer.o
 .text.buffer_clear
                0x0000000000000000       0x2a gcc/buffer.o
 .text.buffer_insert
                0x0000000000000000       0x5e gcc/buffer.o
 .text.buffer_remove
                0x0000000000000000       0x56 gcc/buffer.o
 .debug_info    0x0000000000000000      0x1a8 gcc/buffer.o
 .debug_abbrev  0x0000000000000000       0xd7 gcc/buffer.o
 .debug_aranges
                0x0000000000000000       0x40 gcc/buffer.o
 .debug_ranges  0x0000000000000000       0x30 gcc/buffer.o
 .debug_line    0x0000000000000000      0x12b gcc/buffer.o
 .debug_str     0x0000000000000000      0x153 gcc/buffer.o
 .comment       0x0000000000000000       0x4a gcc/buffer.o
 .debug_frame   0x0000000000000000       0xd8 gcc/buffer.o
 .ARM.attributes
                0x0000000000000000       0x2d gcc/buffer.o
 .text          0x0000000000000000        0x0 gcc/led.o
 .data          0x0000000000000000        0x0 gcc/led.o
 .bss           0x0000000000000000        0x0 gcc/led.o
 .rodata.GPIOE  0x0000000000000000        0x4 gcc/led.o
 .text.LED_On   0x0000000000000000       0x24 gcc/led.o
 .text.LED_Toggle
                0x0000000000000000       0x24 gcc/led.o
 .text.LED_Write
                0x0000000000000000       0x2c gcc/led.o
 .text          0x0000000000000000        0x0 gcc/system_efm32gg.o
 .data          0x0000000000000000        0x0 gcc/system_efm32gg.o
 .bss           0x0000000000000000        0x0 gcc/system_efm32gg.o
 .text.SystemMaxCoreClockGet
                0x0000000000000000       0x14 gcc/system_efm32gg.o
 .text.SystemHFXOClockGet
                0x0000000000000000       0x14 gcc/system_efm32gg.o
 .text.SystemHFXOClockSet
                0x0000000000000000       0x30 gcc/system_efm32gg.o
 .text.SystemLFRCOClockGet
                0x0000000000000000       0x10 gcc/system_efm32gg.o
 .text.SystemULFRCOClockGet
                0x0000000000000000       0x10 gcc/system_efm32gg.o
 .text.SystemLFXOClockGet
                0x0000000000000000       0x14 gcc/system_efm32gg.o
 .text.SystemLFXOClockSet
                0x0000000000000000       0x30 gcc/system_efm32gg.o

Memory Configuration

Name             Origin             Length             Attributes
FLASH            0x0000000000000000 0x0000000000100000 xr
RAM              0x0000000020000000 0x0000000000020000 xrw
*default*        0x0000000000000000 0xffffffffffffffff

Linker script and memory map

LOAD gcc/clock_efm32gg2.o
LOAD gcc/startup_efm32gg.o
LOAD gcc/pwm.o
LOAD gcc/gpio.o
LOAD gcc/main.o
LOAD gcc/buffer.o
LOAD gcc/led.o
LOAD gcc/system_efm32gg.o
START GROUP
LOAD /home/luizalaquini/gcc-arm-none-eabi-10.3-2021.10/bin/../lib/gcc/arm-none-eabi/10.3.1/thumb/v7-m/nofp/libgcc.a
LOAD /home/luizalaquini/gcc-arm-none-eabi-10.3-2021.10/bin/../lib/gcc/arm-none-eabi/10.3.1/../../../../arm-none-eabi/lib/thumb/v7-m/nofp/libg_nano.a
LOAD /home/luizalaquini/gcc-arm-none-eabi-10.3-2021.10/bin/../lib/gcc/arm-none-eabi/10.3.1/../../../../arm-none-eabi/lib/thumb/v7-m/nofp/libc_nano.a
END GROUP
START GROUP
LOAD /home/luizalaquini/gcc-arm-none-eabi-10.3-2021.10/bin/../lib/gcc/arm-none-eabi/10.3.1/thumb/v7-m/nofp/libgcc.a
LOAD /home/luizalaquini/gcc-arm-none-eabi-10.3-2021.10/bin/../lib/gcc/arm-none-eabi/10.3.1/../../../../arm-none-eabi/lib/thumb/v7-m/nofp/libc_nano.a
END GROUP

.text           0x0000000000000000      0xab8
 *(.vectors)
 .vectors       0x0000000000000000       0xdc gcc/startup_efm32gg.o
                0x0000000000000000                __Vectors
                0x00000000000000dc                __Vectors_End = .
                0x00000000000000dc                __Vectors_Size = (__Vectors_End - __Vectors)
                0x0000000020000010                __end__ = .
 *(.text*)
 .text.Reset_Handler
                0x00000000000000dc       0x50 gcc/startup_efm32gg.o
                0x00000000000000dc                Reset_Handler
 .text._main    0x000000000000012c        0xc gcc/startup_efm32gg.o
                0x000000000000012c                _main
 .text.Default_Handler
                0x0000000000000138        0x6 gcc/startup_efm32gg.o
                0x0000000000000138                TIMER2_IRQHandler
                0x0000000000000138                DebugMon_Handler
                0x0000000000000138                USART0_TX_IRQHandler
                0x0000000000000138                I2C0_IRQHandler
                0x0000000000000138                HardFault_Handler
                0x0000000000000138                LEUART1_IRQHandler
                0x0000000000000138                SysTick_Handler
                0x0000000000000138                USART1_RX_IRQHandler
                0x0000000000000138                PendSV_Handler
                0x0000000000000138                NMI_Handler
                0x0000000000000138                I2C1_IRQHandler
                0x0000000000000138                TIMER3_IRQHandler
                0x0000000000000138                USART1_TX_IRQHandler
                0x0000000000000138                MSC_IRQHandler
                0x0000000000000138                ADC0_IRQHandler
                0x0000000000000138                UsageFault_Handler
                0x0000000000000138                LEUART0_IRQHandler
                0x0000000000000138                GPIO_EVEN_IRQHandler
                0x0000000000000138                UART0_TX_IRQHandler
                0x0000000000000138                UART1_TX_IRQHandler
                0x0000000000000138                RTC_IRQHandler
                0x0000000000000138                TIMER0_IRQHandler
                0x0000000000000138                LCD_IRQHandler
                0x0000000000000138                PCNT2_IRQHandler
                0x0000000000000138                UART0_RX_IRQHandler
                0x0000000000000138                LETIMER0_IRQHandler
                0x0000000000000138                TIMER1_IRQHandler
                0x0000000000000138                USART2_RX_IRQHandler
                0x0000000000000138                Default_Handler
                0x0000000000000138                EMU_IRQHandler
                0x0000000000000138                PCNT0_IRQHandler
                0x0000000000000138                USB_IRQHandler
                0x0000000000000138                BURTC_IRQHandler
                0x0000000000000138                PCNT1_IRQHandler
                0x0000000000000138                ACMP0_IRQHandler
                0x0000000000000138                USART0_RX_IRQHandler
                0x0000000000000138                MemManage_Handler
                0x0000000000000138                SVC_Handler
                0x0000000000000138                DAC0_IRQHandler
                0x0000000000000138                UART1_RX_IRQHandler
                0x0000000000000138                CMU_IRQHandler
                0x0000000000000138                EBI_IRQHandler
                0x0000000000000138                LESENSE_IRQHandler
                0x0000000000000138                GPIO_ODD_IRQHandler
                0x0000000000000138                AES_IRQHandler
                0x0000000000000138                VCMP_IRQHandler
                0x0000000000000138                DMA_IRQHandler
                0x0000000000000138                BusFault_Handler
                0x0000000000000138                USART2_TX_IRQHandler
 .text.PWM_Start
                0x000000000000013e       0x18 gcc/pwm.o
                0x000000000000013e                PWM_Start
 .text.PWM_Stop
                0x0000000000000156       0x18 gcc/pwm.o
                0x0000000000000156                PWM_Stop
 *fill*         0x000000000000016e        0x2 
 .text.Timer_ClockEnable
                0x0000000000000170       0x94 gcc/pwm.o
 .text.PWM_ConfigureOutputPin
                0x0000000000000204      0x13c gcc/pwm.o
 .text.PWM_Init
                0x0000000000000340      0x214 gcc/pwm.o
                0x0000000000000340                PWM_Init
 .text.finddivencoding
                0x0000000000000554       0x32 gcc/pwm.o
 .text.PWM_Config
                0x0000000000000586       0x46 gcc/pwm.o
                0x0000000000000586                PWM_Config
 .text.PWM_Write
                0x00000000000005cc       0x26 gcc/pwm.o
                0x00000000000005cc                PWM_Write
 .text.GPIO_ConfigPins
                0x00000000000005f2       0xb0 gcc/gpio.o
                0x00000000000005f2                GPIO_ConfigPins
 *fill*         0x00000000000006a2        0x2 
 .text.GPIO_Init
                0x00000000000006a4       0x48 gcc/gpio.o
                0x00000000000006a4                GPIO_Init
 .text.GPIO_ReadPins
                0x00000000000006ec       0x16 gcc/main.o
 *fill*         0x0000000000000702        0x2 
 .text.Delay    0x0000000000000704       0x40 gcc/main.o
                0x0000000000000704                Delay
 .text.main     0x0000000000000744       0xb0 gcc/main.o
                0x0000000000000744                main
 .text.LED_Init
                0x00000000000007f4       0x7c gcc/led.o
                0x00000000000007f4                LED_Init
 .text.LED_Off  0x0000000000000870       0x24 gcc/led.o
                0x0000000000000870                LED_Off
 .text.GetProdRev
                0x0000000000000894       0x18 gcc/system_efm32gg.o
 .text.SystemCoreClockGet
                0x00000000000008ac       0x34 gcc/system_efm32gg.o
                0x00000000000008ac                SystemCoreClockGet
 .text.SystemHFClockGet
                0x00000000000008e0      0x118 gcc/system_efm32gg.o
                0x00000000000008e0                SystemHFClockGet
 .text.SystemInit
                0x00000000000009f8        0xc gcc/system_efm32gg.o
                0x00000000000009f8                SystemInit
 *(.init)
 *(.fini)
 *crtbegin.o(.ctors)
 *crtbegin?.o(.ctors)
 *(EXCLUDE_FILE(*crtend.o *crtend?.o) .ctors)
 *(SORT_BY_NAME(.ctors.*))
 *(.ctors)
 *crtbegin.o(.dtors)
 *crtbegin?.o(.dtors)
 *(EXCLUDE_FILE(*crtend.o *crtend?.o) .dtors)
 *(SORT_BY_NAME(.dtors.*))
 *(.dtors)
 *(.rodata*)
 .rodata.timerpins
                0x0000000000000a04       0xb4 gcc/pwm.o
 *(.eh_frame*)

.glue_7         0x0000000000000ab8        0x0
 .glue_7        0x0000000000000ab8        0x0 linker stubs

.glue_7t        0x0000000000000ab8        0x0
 .glue_7t       0x0000000000000ab8        0x0 linker stubs

.vfp11_veneer   0x0000000000000ab8        0x0
 .vfp11_veneer  0x0000000000000ab8        0x0 linker stubs

.v4_bx          0x0000000000000ab8        0x0
 .v4_bx         0x0000000000000ab8        0x0 linker stubs

.iplt           0x0000000000000ab8        0x0
 .iplt          0x0000000000000ab8        0x0 gcc/startup_efm32gg.o

.rel.dyn        0x0000000000000ab8        0x0
 .rel.iplt      0x0000000000000ab8        0x0 gcc/startup_efm32gg.o

.ARM.extab
 *(.ARM.extab* .gnu.linkonce.armextab.*)
                0x0000000000000ab8                __exidx_start = .

.ARM.exidx
 *(.ARM.exidx* .gnu.linkonce.armexidx.*)
                0x0000000000000ab8                __exidx_end = .
                0x0000000000000ab8                __etext = .

.data           0x0000000020000000        0x8 load address 0x0000000000000ab8
                0x0000000020000000                __data_start__ = .
 *(vtable)
 *(.data*)
 .data.SystemHFXOClock
                0x0000000020000000        0x4 gcc/system_efm32gg.o
 .data.SystemLFXOClock
                0x0000000020000004        0x4 gcc/system_efm32gg.o
                0x0000000020000008                . = ALIGN (0x4)
 *(.ram)
                0x0000000020000008                . = ALIGN (0x4)
                [!provide]                        PROVIDE (__preinit_array_start = .)
 *(.preinit_array)
                [!provide]                        PROVIDE (__preinit_array_end = .)
                0x0000000020000008                . = ALIGN (0x4)
                [!provide]                        PROVIDE (__init_array_start = .)
 *(SORT_BY_NAME(.init_array.*))
 *(.init_array)
                [!provide]                        PROVIDE (__init_array_end = .)
                0x0000000020000008                . = ALIGN (0x4)
                [!provide]                        PROVIDE (__fini_array_start = .)
 *(SORT_BY_NAME(.fini_array.*))
 *(.fini_array)
                [!provide]                        PROVIDE (__fini_array_end = .)
 *(.jcr*)
                0x0000000020000008                . = ALIGN (0x4)
                0x0000000020000008                __data_end__ = .

.igot.plt       0x0000000020000008        0x0 load address 0x0000000000000ac0
 .igot.plt      0x0000000020000008        0x0 gcc/startup_efm32gg.o

.bss            0x0000000020000008        0x4 load address 0x0000000000000ac0
                0x0000000020000008                . = ALIGN (0x4)
                0x0000000020000008                __bss_start__ = .
 *(.bss*)
 .bss.SystemCoreClock
                0x0000000020000008        0x4 gcc/system_efm32gg.o
                0x0000000020000008                SystemCoreClock
 *(COMMON)
                0x000000002000000c                . = ALIGN (0x4)
                0x000000002000000c                __bss_end__ = .

.heap           0x0000000020000010      0xc00
                0x0000000020000010                __HeapBase = .
                0x0000000020000010                __end__ = .
                0x0000000020000010                end = __end__
                0x0000000020000010                _end = __end__
 *(.heap*)
 .heap          0x0000000020000010      0xc00 gcc/startup_efm32gg.o
                0x0000000020000c10                __HeapLimit = .

.stack_dummy    0x0000000020000c10      0x400
 *(.stack*)
 .stack         0x0000000020000c10      0x400 gcc/startup_efm32gg.o
                0x0000000020020000                __StackTop = (ORIGIN (RAM) + LENGTH (RAM))
                0x000000002001fc00                __StackLimit = (__StackTop - SIZEOF (.stack_dummy))
                [!provide]                        PROVIDE (__stack = __StackTop)
                0x0000000000000001                ASSERT ((__StackLimit >= __HeapLimit), region RAM overflowed with stack)
                0x0000000000000001                ASSERT ((LENGTH (FLASH) >= (__etext + SIZEOF (.data))), FLASH memory overflowed !)
OUTPUT(gcc/blink1.axf elf32-littlearm)
LOAD linker stubs

.debug_info     0x0000000000000000     0x2355
 .debug_info    0x0000000000000000      0x1e1 gcc/startup_efm32gg.o
 .debug_info    0x00000000000001e1      0xaaa gcc/pwm.o
 .debug_info    0x0000000000000c8b      0x680 gcc/gpio.o
 .debug_info    0x000000000000130b      0x638 gcc/main.o
 .debug_info    0x0000000000001943      0x50e gcc/led.o
 .debug_info    0x0000000000001e51      0x504 gcc/system_efm32gg.o

.debug_abbrev   0x0000000000000000      0x802
 .debug_abbrev  0x0000000000000000       0xfb gcc/startup_efm32gg.o
 .debug_abbrev  0x00000000000000fb      0x1d4 gcc/pwm.o
 .debug_abbrev  0x00000000000002cf      0x12d gcc/gpio.o
 .debug_abbrev  0x00000000000003fc      0x154 gcc/main.o
 .debug_abbrev  0x0000000000000550      0x12d gcc/led.o
 .debug_abbrev  0x000000000000067d      0x185 gcc/system_efm32gg.o

.debug_aranges  0x0000000000000000      0x1a0
 .debug_aranges
                0x0000000000000000       0x38 gcc/startup_efm32gg.o
 .debug_aranges
                0x0000000000000038       0x60 gcc/pwm.o
 .debug_aranges
                0x0000000000000098       0x28 gcc/gpio.o
 .debug_aranges
                0x00000000000000c0       0x30 gcc/main.o
 .debug_aranges
                0x00000000000000f0       0x40 gcc/led.o
 .debug_aranges
                0x0000000000000130       0x70 gcc/system_efm32gg.o

.debug_ranges   0x0000000000000000      0x140
 .debug_ranges  0x0000000000000000       0x28 gcc/startup_efm32gg.o
 .debug_ranges  0x0000000000000028       0x50 gcc/pwm.o
 .debug_ranges  0x0000000000000078       0x18 gcc/gpio.o
 .debug_ranges  0x0000000000000090       0x20 gcc/main.o
 .debug_ranges  0x00000000000000b0       0x30 gcc/led.o
 .debug_ranges  0x00000000000000e0       0x60 gcc/system_efm32gg.o

.debug_line     0x0000000000000000      0xef4
 .debug_line    0x0000000000000000      0x178 gcc/startup_efm32gg.o
 .debug_line    0x0000000000000178      0x41f gcc/pwm.o
 .debug_line    0x0000000000000597      0x20a gcc/gpio.o
 .debug_line    0x00000000000007a1      0x23f gcc/main.o
 .debug_line    0x00000000000009e0      0x204 gcc/led.o
 .debug_line    0x0000000000000be4      0x310 gcc/system_efm32gg.o

.debug_str      0x0000000000000000      0x938
 .debug_str     0x0000000000000000      0x1e2 gcc/startup_efm32gg.o
                                        0x227 (size before relaxing)
 .debug_str     0x00000000000001e2      0x4e5 gcc/pwm.o
                                        0x627 (size before relaxing)
 .debug_str     0x00000000000006c7       0x81 gcc/gpio.o
                                        0x500 (size before relaxing)
 .debug_str     0x0000000000000748       0x35 gcc/main.o
                                        0x47a (size before relaxing)
 .debug_str     0x000000000000077d       0x38 gcc/led.o
                                        0x347 (size before relaxing)
 .debug_str     0x00000000000007b5      0x183 gcc/system_efm32gg.o
                                        0x42f (size before relaxing)

.comment        0x0000000000000000       0x49
 .comment       0x0000000000000000       0x49 gcc/startup_efm32gg.o
                                         0x4a (size before relaxing)
 .comment       0x0000000000000049       0x4a gcc/pwm.o
 .comment       0x0000000000000049       0x4a gcc/gpio.o
 .comment       0x0000000000000049       0x4a gcc/main.o
 .comment       0x0000000000000049       0x4a gcc/led.o
 .comment       0x0000000000000049       0x4a gcc/system_efm32gg.o

.ARM.attributes
                0x0000000000000000       0x2d
 .ARM.attributes
                0x0000000000000000       0x2d gcc/startup_efm32gg.o
 .ARM.attributes
                0x000000000000002d       0x2d gcc/pwm.o
 .ARM.attributes
                0x000000000000005a       0x2d gcc/gpio.o
 .ARM.attributes
                0x0000000000000087       0x2d gcc/main.o
 .ARM.attributes
                0x00000000000000b4       0x2d gcc/led.o
 .ARM.attributes
                0x00000000000000e1       0x2d gcc/system_efm32gg.o

.debug_frame    0x0000000000000000      0x51c
 .debug_frame   0x0000000000000000       0x78 gcc/startup_efm32gg.o
 .debug_frame   0x0000000000000078      0x174 gcc/pwm.o
 .debug_frame   0x00000000000001ec       0x5c gcc/gpio.o
 .debug_frame   0x0000000000000248       0x80 gcc/main.o
 .debug_frame   0x00000000000002c8       0xd4 gcc/led.o
 .debug_frame   0x000000000000039c      0x180 gcc/system_efm32gg.o
