
Discarded input sections

 .text          0x0000000000000000        0x0 gcc/startup_efm32gg.o
 .data          0x0000000000000000        0x0 gcc/startup_efm32gg.o
 .bss           0x0000000000000000        0x0 gcc/startup_efm32gg.o
 .text.SystemInit
                0x0000000000000000        0xc gcc/startup_efm32gg.o
 .text          0x0000000000000000        0x0 gcc/pwm.o
 .data          0x0000000000000000        0x0 gcc/pwm.o
 .bss           0x0000000000000000        0x0 gcc/pwm.o
 .rodata.GPIOA  0x0000000000000000        0x4 gcc/pwm.o
 .rodata.GPIOB  0x0000000000000000        0x4 gcc/pwm.o
 .rodata.GPIOC  0x0000000000000000        0x4 gcc/pwm.o
 .rodata.GPIOD  0x0000000000000000        0x4 gcc/pwm.o
 .rodata.GPIOE  0x0000000000000000        0x4 gcc/pwm.o
 .rodata.GPIOF  0x0000000000000000        0x4 gcc/pwm.o
 .rodata.GPIO_MODE_DISABLE
                0x0000000000000000        0x4 gcc/pwm.o
 .rodata.GPIO_MODE_INPUT
                0x0000000000000000        0x4 gcc/pwm.o
 .rodata.GPIO_MODE_INPUTPULL
                0x0000000000000000        0x4 gcc/pwm.o
 .rodata.GPIO_MODE_INPUTPULLFILTER
                0x0000000000000000        0x4 gcc/pwm.o
 .rodata.GPIO_MODE_PUSHPULL
                0x0000000000000000        0x4 gcc/pwm.o
 .rodata.GPIO_MODE_PUSHPULLDRIVE
                0x0000000000000000        0x4 gcc/pwm.o
 .rodata.GPIO_MODE_WIREDOR
                0x0000000000000000        0x4 gcc/pwm.o
 .rodata.GPIO_MODE_WIREDORPULLDOWN
                0x0000000000000000        0x4 gcc/pwm.o
 .rodata.GPIO_MODE_WIREDAND
                0x0000000000000000        0x4 gcc/pwm.o
 .rodata.GPIO_MODE_WIREDANDFILTER
                0x0000000000000000        0x4 gcc/pwm.o
 .rodata.GPIO_MODE_WIREDANDPULLUP
                0x0000000000000000        0x4 gcc/pwm.o
 .rodata.GPIO_MODE_WIREDANDPULLUPFILTER
                0x0000000000000000        0x4 gcc/pwm.o
 .rodata.GPIO_MODE_WIREDANDDRIVE
                0x0000000000000000        0x4 gcc/pwm.o
 .rodata.GPIO_MODE_WIREDANDDRIVEFILTER
                0x0000000000000000        0x4 gcc/pwm.o
 .rodata.GPIO_MODE_WIREDANDDRIVEPULLUP
                0x0000000000000000        0x4 gcc/pwm.o
 .rodata.GPIO_MODE_WIREDANDDRIVEPULLUPFILTER
                0x0000000000000000        0x4 gcc/pwm.o
 .text.PWM_Read
                0x0000000000000000       0x26 gcc/pwm.o
 .text          0x0000000000000000        0x0 gcc/clock_efm32gg2.o
 .data          0x0000000000000000        0x0 gcc/clock_efm32gg2.o
 .bss           0x0000000000000000        0x0 gcc/clock_efm32gg2.o
 .text.SystemCoreClockUpdate
                0x0000000000000000        0xc gcc/clock_efm32gg2.o
 .bss.callbacks
                0x0000000000000000       0x78 gcc/clock_efm32gg2.o
 .text.nearestpower2exp
                0x0000000000000000       0x6c gcc/clock_efm32gg2.o
 .text.ClockRegisterCallback
                0x0000000000000000       0xc0 gcc/clock_efm32gg2.o
 .text.ClockProcessPreChange
                0x0000000000000000       0x6c gcc/clock_efm32gg2.o
 .text.ClockProcessPostChange
                0x0000000000000000       0x6c gcc/clock_efm32gg2.o
 .text.ClockSetCoreClock
                0x0000000000000000      0x304 gcc/clock_efm32gg2.o
 .text.ClockConfigureSystemForClockFrequency
                0x0000000000000000       0x98 gcc/clock_efm32gg2.o
 .text.ClockSetPrescalers
                0x0000000000000000      0x11c gcc/clock_efm32gg2.o
 .text.ClockSetLFCLKA
                0x0000000000000000      0x12c gcc/clock_efm32gg2.o
 .text.ClockSetLFCLKB
                0x0000000000000000      0x12c gcc/clock_efm32gg2.o
 .text.ClockGetPeripheralClockFrequency
                0x0000000000000000       0x18 gcc/clock_efm32gg2.o
 .text          0x0000000000000000        0x0 gcc/gpio.o
 .data          0x0000000000000000        0x0 gcc/gpio.o
 .bss           0x0000000000000000        0x0 gcc/gpio.o
 .rodata.GPIOA  0x0000000000000000        0x4 gcc/gpio.o
 .rodata.GPIOB  0x0000000000000000        0x4 gcc/gpio.o
 .rodata.GPIOC  0x0000000000000000        0x4 gcc/gpio.o
 .rodata.GPIOD  0x0000000000000000        0x4 gcc/gpio.o
 .rodata.GPIOE  0x0000000000000000        0x4 gcc/gpio.o
 .rodata.GPIOF  0x0000000000000000        0x4 gcc/gpio.o
 .rodata.GPIO_MODE_DISABLE
                0x0000000000000000        0x4 gcc/gpio.o
 .rodata.GPIO_MODE_INPUT
                0x0000000000000000        0x4 gcc/gpio.o
 .rodata.GPIO_MODE_INPUTPULL
                0x0000000000000000        0x4 gcc/gpio.o
 .rodata.GPIO_MODE_INPUTPULLFILTER
                0x0000000000000000        0x4 gcc/gpio.o
 .rodata.GPIO_MODE_PUSHPULL
                0x0000000000000000        0x4 gcc/gpio.o
 .rodata.GPIO_MODE_PUSHPULLDRIVE
                0x0000000000000000        0x4 gcc/gpio.o
 .rodata.GPIO_MODE_WIREDOR
                0x0000000000000000        0x4 gcc/gpio.o
 .rodata.GPIO_MODE_WIREDORPULLDOWN
                0x0000000000000000        0x4 gcc/gpio.o
 .rodata.GPIO_MODE_WIREDAND
                0x0000000000000000        0x4 gcc/gpio.o
 .rodata.GPIO_MODE_WIREDANDFILTER
                0x0000000000000000        0x4 gcc/gpio.o
 .rodata.GPIO_MODE_WIREDANDPULLUP
                0x0000000000000000        0x4 gcc/gpio.o
 .rodata.GPIO_MODE_WIREDANDPULLUPFILTER
                0x0000000000000000        0x4 gcc/gpio.o
 .rodata.GPIO_MODE_WIREDANDDRIVE
                0x0000000000000000        0x4 gcc/gpio.o
 .rodata.GPIO_MODE_WIREDANDDRIVEFILTER
                0x0000000000000000        0x4 gcc/gpio.o
 .rodata.GPIO_MODE_WIREDANDDRIVEPULLUP
                0x0000000000000000        0x4 gcc/gpio.o
 .rodata.GPIO_MODE_WIREDANDDRIVEPULLUPFILTER
                0x0000000000000000        0x4 gcc/gpio.o
 .text          0x0000000000000000        0x0 gcc/main.o
 .data          0x0000000000000000        0x0 gcc/main.o
 .bss           0x0000000000000000        0x0 gcc/main.o
 .rodata.GPIOA  0x0000000000000000        0x4 gcc/main.o
 .rodata.GPIOB  0x0000000000000000        0x4 gcc/main.o
 .rodata.GPIOC  0x0000000000000000        0x4 gcc/main.o
 .rodata.GPIOD  0x0000000000000000        0x4 gcc/main.o
 .rodata.GPIOE  0x0000000000000000        0x4 gcc/main.o
 .rodata.GPIOF  0x0000000000000000        0x4 gcc/main.o
 .rodata.GPIO_MODE_DISABLE
                0x0000000000000000        0x4 gcc/main.o
 .rodata.GPIO_MODE_INPUT
                0x0000000000000000        0x4 gcc/main.o
 .rodata.GPIO_MODE_INPUTPULL
                0x0000000000000000        0x4 gcc/main.o
 .rodata.GPIO_MODE_INPUTPULLFILTER
                0x0000000000000000        0x4 gcc/main.o
 .rodata.GPIO_MODE_PUSHPULL
                0x0000000000000000        0x4 gcc/main.o
 .rodata.GPIO_MODE_PUSHPULLDRIVE
                0x0000000000000000        0x4 gcc/main.o
 .rodata.GPIO_MODE_WIREDOR
                0x0000000000000000        0x4 gcc/main.o
 .rodata.GPIO_MODE_WIREDORPULLDOWN
                0x0000000000000000        0x4 gcc/main.o
 .rodata.GPIO_MODE_WIREDAND
                0x0000000000000000        0x4 gcc/main.o
 .rodata.GPIO_MODE_WIREDANDFILTER
                0x0000000000000000        0x4 gcc/main.o
 .rodata.GPIO_MODE_WIREDANDPULLUP
                0x0000000000000000        0x4 gcc/main.o
 .rodata.GPIO_MODE_WIREDANDPULLUPFILTER
                0x0000000000000000        0x4 gcc/main.o
 .rodata.GPIO_MODE_WIREDANDDRIVE
                0x0000000000000000        0x4 gcc/main.o
 .rodata.GPIO_MODE_WIREDANDDRIVEFILTER
                0x0000000000000000        0x4 gcc/main.o
 .rodata.GPIO_MODE_WIREDANDDRIVEPULLUP
                0x0000000000000000        0x4 gcc/main.o
 .rodata.GPIO_MODE_WIREDANDDRIVEPULLUPFILTER
                0x0000000000000000        0x4 gcc/main.o
 .text          0x0000000000000000        0x0 gcc/led.o
 .data          0x0000000000000000        0x0 gcc/led.o
 .bss           0x0000000000000000        0x0 gcc/led.o
 .rodata.GPIOE  0x0000000000000000        0x4 gcc/led.o
 .text.LED_On   0x0000000000000000       0x24 gcc/led.o
 .text.LED_Toggle
                0x0000000000000000       0x24 gcc/led.o
 .text.LED_Write
                0x0000000000000000       0x2c gcc/led.o
 .text          0x0000000000000000        0x0 gcc/system_efm32gg.o
 .data          0x0000000000000000        0x0 gcc/system_efm32gg.o
 .bss           0x0000000000000000        0x0 gcc/system_efm32gg.o
 .text.SystemMaxCoreClockGet
                0x0000000000000000       0x14 gcc/system_efm32gg.o
 .text.SystemHFXOClockGet
                0x0000000000000000       0x14 gcc/system_efm32gg.o
 .text.SystemHFXOClockSet
                0x0000000000000000       0x30 gcc/system_efm32gg.o
 .text.SystemLFRCOClockGet
                0x0000000000000000       0x10 gcc/system_efm32gg.o
 .text.SystemULFRCOClockGet
                0x0000000000000000       0x10 gcc/system_efm32gg.o
 .text.SystemLFXOClockGet
                0x0000000000000000       0x14 gcc/system_efm32gg.o
 .text.SystemLFXOClockSet
                0x0000000000000000       0x30 gcc/system_efm32gg.o
 .text          0x0000000000000000        0x0 gcc/adc.o
 .data          0x0000000000000000        0x0 gcc/adc.o
 .bss           0x0000000000000000        0x0 gcc/adc.o

Memory Configuration

Name             Origin             Length             Attributes
FLASH            0x0000000000000000 0x0000000000100000 xr
RAM              0x0000000020000000 0x0000000000020000 xrw
*default*        0x0000000000000000 0xffffffffffffffff

Linker script and memory map

LOAD gcc/startup_efm32gg.o
LOAD gcc/pwm.o
LOAD gcc/clock_efm32gg2.o
LOAD gcc/gpio.o
LOAD gcc/main.o
LOAD gcc/led.o
LOAD gcc/system_efm32gg.o
LOAD gcc/adc.o
START GROUP
LOAD /home/luizalaquini/gcc-arm-none-eabi-10.3-2021.10/bin/../lib/gcc/arm-none-eabi/10.3.1/thumb/v7-m/nofp/libgcc.a
LOAD /home/luizalaquini/gcc-arm-none-eabi-10.3-2021.10/bin/../lib/gcc/arm-none-eabi/10.3.1/../../../../arm-none-eabi/lib/thumb/v7-m/nofp/libg_nano.a
LOAD /home/luizalaquini/gcc-arm-none-eabi-10.3-2021.10/bin/../lib/gcc/arm-none-eabi/10.3.1/../../../../arm-none-eabi/lib/thumb/v7-m/nofp/libc_nano.a
END GROUP
START GROUP
LOAD /home/luizalaquini/gcc-arm-none-eabi-10.3-2021.10/bin/../lib/gcc/arm-none-eabi/10.3.1/thumb/v7-m/nofp/libgcc.a
LOAD /home/luizalaquini/gcc-arm-none-eabi-10.3-2021.10/bin/../lib/gcc/arm-none-eabi/10.3.1/../../../../arm-none-eabi/lib/thumb/v7-m/nofp/libc_nano.a
END GROUP

.text           0x0000000000000000     0x1024
 *(.vectors)
 .vectors       0x0000000000000000       0xdc gcc/startup_efm32gg.o
                0x0000000000000000                __Vectors
                0x00000000000000dc                __Vectors_End = .
                0x00000000000000dc                __Vectors_Size = (__Vectors_End - __Vectors)
                0x0000000020000090                __end__ = .
 *(.text*)
 .text.Reset_Handler
                0x00000000000000dc       0x50 gcc/startup_efm32gg.o
                0x00000000000000dc                Reset_Handler
 .text._main    0x000000000000012c        0xc gcc/startup_efm32gg.o
                0x000000000000012c                _main
 .text.Default_Handler
                0x0000000000000138        0x6 gcc/startup_efm32gg.o
                0x0000000000000138                TIMER2_IRQHandler
                0x0000000000000138                DebugMon_Handler
                0x0000000000000138                USART0_TX_IRQHandler
                0x0000000000000138                I2C0_IRQHandler
                0x0000000000000138                HardFault_Handler
                0x0000000000000138                LEUART1_IRQHandler
                0x0000000000000138                SysTick_Handler
                0x0000000000000138                USART1_RX_IRQHandler
                0x0000000000000138                PendSV_Handler
                0x0000000000000138                NMI_Handler
                0x0000000000000138                I2C1_IRQHandler
                0x0000000000000138                TIMER3_IRQHandler
                0x0000000000000138                USART1_TX_IRQHandler
                0x0000000000000138                MSC_IRQHandler
                0x0000000000000138                UsageFault_Handler
                0x0000000000000138                LEUART0_IRQHandler
                0x0000000000000138                GPIO_EVEN_IRQHandler
                0x0000000000000138                UART0_TX_IRQHandler
                0x0000000000000138                UART1_TX_IRQHandler
                0x0000000000000138                RTC_IRQHandler
                0x0000000000000138                TIMER0_IRQHandler
                0x0000000000000138                LCD_IRQHandler
                0x0000000000000138                PCNT2_IRQHandler
                0x0000000000000138                UART0_RX_IRQHandler
                0x0000000000000138                LETIMER0_IRQHandler
                0x0000000000000138                TIMER1_IRQHandler
                0x0000000000000138                USART2_RX_IRQHandler
                0x0000000000000138                Default_Handler
                0x0000000000000138                EMU_IRQHandler
                0x0000000000000138                PCNT0_IRQHandler
                0x0000000000000138                USB_IRQHandler
                0x0000000000000138                BURTC_IRQHandler
                0x0000000000000138                PCNT1_IRQHandler
                0x0000000000000138                ACMP0_IRQHandler
                0x0000000000000138                USART0_RX_IRQHandler
                0x0000000000000138                MemManage_Handler
                0x0000000000000138                SVC_Handler
                0x0000000000000138                DAC0_IRQHandler
                0x0000000000000138                UART1_RX_IRQHandler
                0x0000000000000138                CMU_IRQHandler
                0x0000000000000138                EBI_IRQHandler
                0x0000000000000138                LESENSE_IRQHandler
                0x0000000000000138                GPIO_ODD_IRQHandler
                0x0000000000000138                AES_IRQHandler
                0x0000000000000138                VCMP_IRQHandler
                0x0000000000000138                DMA_IRQHandler
                0x0000000000000138                BusFault_Handler
                0x0000000000000138                USART2_TX_IRQHandler
 .text.PWM_Start
                0x000000000000013e       0x18 gcc/pwm.o
                0x000000000000013e                PWM_Start
 .text.PWM_Stop
                0x0000000000000156       0x18 gcc/pwm.o
                0x0000000000000156                PWM_Stop
 *fill*         0x000000000000016e        0x2 
 .text.Timer_ClockEnable
                0x0000000000000170       0x94 gcc/pwm.o
 .text.PWM_ConfigureOutputPin
                0x0000000000000204      0x13c gcc/pwm.o
 .text.PWM_Init
                0x0000000000000340      0x214 gcc/pwm.o
                0x0000000000000340                PWM_Init
 .text.finddivencoding
                0x0000000000000554       0x32 gcc/pwm.o
 .text.PWM_Config
                0x0000000000000586       0x46 gcc/pwm.o
                0x0000000000000586                PWM_Config
 .text.PWM_Write
                0x00000000000005cc       0x26 gcc/pwm.o
                0x00000000000005cc                PWM_Write
 *fill*         0x00000000000005f2        0x2 
 .text.GetProdRev
                0x00000000000005f4       0x18 gcc/clock_efm32gg2.o
 .text.ClockGetConfiguration
                0x000000000000060c      0x1c4 gcc/clock_efm32gg2.o
                0x000000000000060c                ClockGetConfiguration
 .text.ClockGetCoreClockFrequency
                0x00000000000007d0       0x18 gcc/clock_efm32gg2.o
                0x00000000000007d0                ClockGetCoreClockFrequency
 .text.GPIO_ConfigPins
                0x00000000000007e8       0xb0 gcc/gpio.o
                0x00000000000007e8                GPIO_ConfigPins
 .text.GPIO_Init
                0x0000000000000898       0x48 gcc/gpio.o
                0x0000000000000898                GPIO_Init
 .text.Delay    0x00000000000008e0       0x3c gcc/main.o
                0x00000000000008e0                Delay
 .text.main     0x000000000000091c       0x64 gcc/main.o
                0x000000000000091c                main
 .text.LED_Init
                0x0000000000000980       0x7c gcc/led.o
                0x0000000000000980                LED_Init
 .text.LED_Off  0x00000000000009fc       0x24 gcc/led.o
                0x00000000000009fc                LED_Off
 .text.GetProdRev
                0x0000000000000a20       0x18 gcc/system_efm32gg.o
 .text.SystemCoreClockGet
                0x0000000000000a38       0x34 gcc/system_efm32gg.o
                0x0000000000000a38                SystemCoreClockGet
 .text.SystemHFClockGet
                0x0000000000000a6c      0x118 gcc/system_efm32gg.o
                0x0000000000000a6c                SystemHFClockGet
 .text.SystemInit
                0x0000000000000b84        0xc gcc/system_efm32gg.o
                0x0000000000000b84                SystemInit
 .text.GetCalibrationValues
                0x0000000000000b90       0xe0 gcc/adc.o
 .text.ADC0_IRQHandler
                0x0000000000000c70        0xc gcc/adc.o
                0x0000000000000c70                ADC0_IRQHandler
 .text.ADC_Init
                0x0000000000000c7c      0x11c gcc/adc.o
                0x0000000000000c7c                ADC_Init
 .text.ADC_ConfigChannel
                0x0000000000000d98       0xd4 gcc/adc.o
                0x0000000000000d98                ADC_ConfigChannel
 .text.ADC_Read
                0x0000000000000e6c       0x1e gcc/adc.o
                0x0000000000000e6c                ADC_Read
 *fill*         0x0000000000000e8a        0x2 
 .text.ADC_StartReading
                0x0000000000000e8c       0x58 gcc/adc.o
                0x0000000000000e8c                ADC_StartReading
 .text.ADC_GetReading
                0x0000000000000ee4       0x38 gcc/adc.o
                0x0000000000000ee4                ADC_GetReading
 *(.init)
 *(.fini)
 *crtbegin.o(.ctors)
 *crtbegin?.o(.ctors)
 *(EXCLUDE_FILE(*crtend.o *crtend?.o) .ctors)
 *(SORT_BY_NAME(.ctors.*))
 *(.ctors)
 *crtbegin.o(.dtors)
 *crtbegin?.o(.dtors)
 *(EXCLUDE_FILE(*crtend.o *crtend?.o) .dtors)
 *(SORT_BY_NAME(.dtors.*))
 *(.dtors)
 *(.rodata*)
 .rodata.timerpins
                0x0000000000000f1c       0xb4 gcc/pwm.o
 .rodata.default_singlectrl
                0x0000000000000fd0       0x54 gcc/adc.o
 *(.eh_frame*)

.glue_7         0x0000000000001024        0x0
 .glue_7        0x0000000000001024        0x0 linker stubs

.glue_7t        0x0000000000001024        0x0
 .glue_7t       0x0000000000001024        0x0 linker stubs

.vfp11_veneer   0x0000000000001024        0x0
 .vfp11_veneer  0x0000000000001024        0x0 linker stubs

.v4_bx          0x0000000000001024        0x0
 .v4_bx         0x0000000000001024        0x0 linker stubs

.iplt           0x0000000000001024        0x0
 .iplt          0x0000000000001024        0x0 gcc/startup_efm32gg.o

.rel.dyn        0x0000000000001024        0x0
 .rel.iplt      0x0000000000001024        0x0 gcc/startup_efm32gg.o

.ARM.extab
 *(.ARM.extab* .gnu.linkonce.armextab.*)
                0x0000000000001024                __exidx_start = .

.ARM.exidx
 *(.ARM.exidx* .gnu.linkonce.armexidx.*)
                0x0000000000001024                __exidx_end = .
                0x0000000000001024                __etext = .

.data           0x0000000020000000        0x8 load address 0x0000000000001024
                0x0000000020000000                __data_start__ = .
 *(vtable)
 *(.data*)
 .data.SystemHFXOClock
                0x0000000020000000        0x4 gcc/system_efm32gg.o
 .data.SystemLFXOClock
                0x0000000020000004        0x4 gcc/system_efm32gg.o
                0x0000000020000008                . = ALIGN (0x4)
 *(.ram)
                0x0000000020000008                . = ALIGN (0x4)
                [!provide]                        PROVIDE (__preinit_array_start = .)
 *(.preinit_array)
                [!provide]                        PROVIDE (__preinit_array_end = .)
                0x0000000020000008                . = ALIGN (0x4)
                [!provide]                        PROVIDE (__init_array_start = .)
 *(SORT_BY_NAME(.init_array.*))
 *(.init_array)
                [!provide]                        PROVIDE (__init_array_end = .)
                0x0000000020000008                . = ALIGN (0x4)
                [!provide]                        PROVIDE (__fini_array_start = .)
 *(SORT_BY_NAME(.fini_array.*))
 *(.fini_array)
                [!provide]                        PROVIDE (__fini_array_end = .)
 *(.jcr*)
                0x0000000020000008                . = ALIGN (0x4)
                0x0000000020000008                __data_end__ = .

.igot.plt       0x0000000020000008        0x0 load address 0x000000000000102c
 .igot.plt      0x0000000020000008        0x0 gcc/startup_efm32gg.o

.bss            0x0000000020000008       0x88 load address 0x000000000000102c
                0x0000000020000008                . = ALIGN (0x4)
                0x0000000020000008                __bss_start__ = .
 *(.bss*)
 .bss.SystemCoreClock
                0x0000000020000008        0x4 gcc/system_efm32gg.o
                0x0000000020000008                SystemCoreClock
 .bss.singlectrl
                0x000000002000000c       0x54 gcc/adc.o
 .bss.adc_cal   0x0000000020000060        0x4 gcc/adc.o
 .bss.adc_bias  0x0000000020000064        0x4 gcc/adc.o
 .bss.cal_gain_1v25
                0x0000000020000068        0x4 gcc/adc.o
 .bss.cal_offset_1v25
                0x000000002000006c        0x4 gcc/adc.o
 .bss.cal_gain_2v5
                0x0000000020000070        0x4 gcc/adc.o
 .bss.cal_offset_2v5
                0x0000000020000074        0x4 gcc/adc.o
 .bss.cal_gain_vdd
                0x0000000020000078        0x4 gcc/adc.o
 .bss.cal_offset_vdd
                0x000000002000007c        0x4 gcc/adc.o
 .bss.cal_gain_5v
                0x0000000020000080        0x4 gcc/adc.o
 .bss.cal_offset_5v
                0x0000000020000084        0x4 gcc/adc.o
 .bss.cal_gain_2xvdd
                0x0000000020000088        0x4 gcc/adc.o
 .bss.cal_offset_2xvdd
                0x000000002000008c        0x4 gcc/adc.o
 *(COMMON)
                0x0000000020000090                . = ALIGN (0x4)
                0x0000000020000090                __bss_end__ = .

.heap           0x0000000020000090      0xc00
                0x0000000020000090                __HeapBase = .
                0x0000000020000090                __end__ = .
                0x0000000020000090                end = __end__
                0x0000000020000090                _end = __end__
 *(.heap*)
 .heap          0x0000000020000090      0xc00 gcc/startup_efm32gg.o
                0x0000000020000c90                __HeapLimit = .

.stack_dummy    0x0000000020000c90      0x400
 *(.stack*)
 .stack         0x0000000020000c90      0x400 gcc/startup_efm32gg.o
                0x0000000020020000                __StackTop = (ORIGIN (RAM) + LENGTH (RAM))
                0x000000002001fc00                __StackLimit = (__StackTop - SIZEOF (.stack_dummy))
                [!provide]                        PROVIDE (__stack = __StackTop)
                0x0000000000000001                ASSERT ((__StackLimit >= __HeapLimit), region RAM overflowed with stack)
                0x0000000000000001                ASSERT ((LENGTH (FLASH) >= (__etext + SIZEOF (.data))), FLASH memory overflowed !)
OUTPUT(gcc/blink1.axf elf32-littlearm)
LOAD linker stubs

.debug_info     0x0000000000000000     0x36c2
 .debug_info    0x0000000000000000      0x1e1 gcc/startup_efm32gg.o
 .debug_info    0x00000000000001e1      0xaaa gcc/pwm.o
 .debug_info    0x0000000000000c8b      0xac9 gcc/clock_efm32gg2.o
 .debug_info    0x0000000000001754      0x680 gcc/gpio.o
 .debug_info    0x0000000000001dd4      0x60e gcc/main.o
 .debug_info    0x00000000000023e2      0x50e gcc/led.o
 .debug_info    0x00000000000028f0      0x504 gcc/system_efm32gg.o
 .debug_info    0x0000000000002df4      0x8ce gcc/adc.o

.debug_abbrev   0x0000000000000000      0xbbc
 .debug_abbrev  0x0000000000000000       0xfb gcc/startup_efm32gg.o
 .debug_abbrev  0x00000000000000fb      0x1d4 gcc/pwm.o
 .debug_abbrev  0x00000000000002cf      0x220 gcc/clock_efm32gg2.o
 .debug_abbrev  0x00000000000004ef      0x12d gcc/gpio.o
 .debug_abbrev  0x000000000000061c      0x138 gcc/main.o
 .debug_abbrev  0x0000000000000754      0x12d gcc/led.o
 .debug_abbrev  0x0000000000000881      0x185 gcc/system_efm32gg.o
 .debug_abbrev  0x0000000000000a06      0x1b6 gcc/adc.o

.debug_aranges  0x0000000000000000      0x270
 .debug_aranges
                0x0000000000000000       0x38 gcc/startup_efm32gg.o
 .debug_aranges
                0x0000000000000038       0x60 gcc/pwm.o
 .debug_aranges
                0x0000000000000098       0x88 gcc/clock_efm32gg2.o
 .debug_aranges
                0x0000000000000120       0x28 gcc/gpio.o
 .debug_aranges
                0x0000000000000148       0x28 gcc/main.o
 .debug_aranges
                0x0000000000000170       0x40 gcc/led.o
 .debug_aranges
                0x00000000000001b0       0x70 gcc/system_efm32gg.o
 .debug_aranges
                0x0000000000000220       0x50 gcc/adc.o

.debug_ranges   0x0000000000000000      0x1f0
 .debug_ranges  0x0000000000000000       0x28 gcc/startup_efm32gg.o
 .debug_ranges  0x0000000000000028       0x50 gcc/pwm.o
 .debug_ranges  0x0000000000000078       0x78 gcc/clock_efm32gg2.o
 .debug_ranges  0x00000000000000f0       0x18 gcc/gpio.o
 .debug_ranges  0x0000000000000108       0x18 gcc/main.o
 .debug_ranges  0x0000000000000120       0x30 gcc/led.o
 .debug_ranges  0x0000000000000150       0x60 gcc/system_efm32gg.o
 .debug_ranges  0x00000000000001b0       0x40 gcc/adc.o

.debug_line     0x0000000000000000     0x1b34
 .debug_line    0x0000000000000000      0x178 gcc/startup_efm32gg.o
 .debug_line    0x0000000000000178      0x41f gcc/pwm.o
 .debug_line    0x0000000000000597      0x887 gcc/clock_efm32gg2.o
 .debug_line    0x0000000000000e1e      0x20a gcc/gpio.o
 .debug_line    0x0000000000001028      0x219 gcc/main.o
 .debug_line    0x0000000000001241      0x204 gcc/led.o
 .debug_line    0x0000000000001445      0x310 gcc/system_efm32gg.o
 .debug_line    0x0000000000001755      0x3df gcc/adc.o

.debug_str      0x0000000000000000      0xe3c
 .debug_str     0x0000000000000000      0x1d1 gcc/startup_efm32gg.o
                                        0x216 (size before relaxing)
 .debug_str     0x00000000000001d1      0x4a3 gcc/pwm.o
                                        0x620 (size before relaxing)
 .debug_str     0x0000000000000674      0x454 gcc/clock_efm32gg2.o
                                        0x6f1 (size before relaxing)
 .debug_str     0x0000000000000ac8       0x81 gcc/gpio.o
                                        0x500 (size before relaxing)
 .debug_str     0x0000000000000b49       0x27 gcc/main.o
                                        0x460 (size before relaxing)
 .debug_str     0x0000000000000b70       0x38 gcc/led.o
                                        0x340 (size before relaxing)
 .debug_str     0x0000000000000ba8       0xe0 gcc/system_efm32gg.o
                                        0x41e (size before relaxing)
 .debug_str     0x0000000000000c88      0x1b4 gcc/adc.o
                                        0x565 (size before relaxing)

.comment        0x0000000000000000       0x49
 .comment       0x0000000000000000       0x49 gcc/startup_efm32gg.o
                                         0x4a (size before relaxing)
 .comment       0x0000000000000049       0x4a gcc/pwm.o
 .comment       0x0000000000000049       0x4a gcc/clock_efm32gg2.o
 .comment       0x0000000000000049       0x4a gcc/gpio.o
 .comment       0x0000000000000049       0x4a gcc/main.o
 .comment       0x0000000000000049       0x4a gcc/led.o
 .comment       0x0000000000000049       0x4a gcc/system_efm32gg.o
 .comment       0x0000000000000049       0x4a gcc/adc.o

.ARM.attributes
                0x0000000000000000       0x2d
 .ARM.attributes
                0x0000000000000000       0x2d gcc/startup_efm32gg.o
 .ARM.attributes
                0x000000000000002d       0x2d gcc/pwm.o
 .ARM.attributes
                0x000000000000005a       0x2d gcc/clock_efm32gg2.o
 .ARM.attributes
                0x0000000000000087       0x2d gcc/gpio.o
 .ARM.attributes
                0x00000000000000b4       0x2d gcc/main.o
 .ARM.attributes
                0x00000000000000e1       0x2d gcc/led.o
 .ARM.attributes
                0x000000000000010e       0x2d gcc/system_efm32gg.o
 .ARM.attributes
                0x000000000000013b       0x2d gcc/adc.o

.debug_frame    0x0000000000000000      0x818
 .debug_frame   0x0000000000000000       0x78 gcc/startup_efm32gg.o
 .debug_frame   0x0000000000000078      0x174 gcc/pwm.o
 .debug_frame   0x00000000000001ec      0x20c gcc/clock_efm32gg2.o
 .debug_frame   0x00000000000003f8       0x5c gcc/gpio.o
 .debug_frame   0x0000000000000454       0x58 gcc/main.o
 .debug_frame   0x00000000000004ac       0xd4 gcc/led.o
 .debug_frame   0x0000000000000580      0x180 gcc/system_efm32gg.o
 .debug_frame   0x0000000000000700      0x118 gcc/adc.o
